<html>
<body>
<pre>
<h1>µVision Build Log</h1>
<h2>Tool Versions:</h2>
IDE-Version: µVision V5.38.0.0
Copyright (C) 2022 ARM Ltd and ARM Germany GmbH. All rights reserved.
License Information: Oktay Oktay, Oktay, LIC=----
 
Tool Versions:
Toolchain:       MDK-Lite  Version: 5.38.0.0
Toolchain Path:  C:\Keil_v5\ARM\ARMCLANG\Bin
C Compiler:      ArmClang.exe V6.19
Assembler:       Armasm.exe V6.19
Linker/Locator:  ArmLink.exe V6.19
Library Manager: ArmAr.exe V6.19
Hex Converter:   FromElf.exe V6.19
CPU DLL:         SARMCM3.DLL V5.38.0.0
Dialog DLL:      DCM.DLL V1.17.5.0
Target DLL:      STLink\ST-LINKIII-KEIL_SWO.dll V3.1.0.0
Dialog DLL:      TCM.DLL V1.56.4.0
 
<h2>Project:</h2>
C:\Users\Oktay Erkol\Desktop\arm\ders_arm_cubemx\s16_One_wire\prj.uvprojx
Project File Date:  02/10/2023

<h2>Output:</h2>
*** Using Compiler 'V6.19', folder: 'C:\Keil_v5\ARM\ARMCLANG\Bin'
Rebuild target 'Target 1'
RTE/Device/STM32F407VGTx/STCubeGenerated/Src/stm32f4xx_it.c(70): warning: function 'NMI_Handler' could be declared with attribute 'noreturn' [-Wmissing-noreturn]
{
^
RTE/Device/STM32F407VGTx/STCubeGenerated/Src/stm32f4xx_it.c(85): warning: function 'HardFault_Handler' could be declared with attribute 'noreturn' [-Wmissing-noreturn]
{
^
RTE/Device/STM32F407VGTx/STCubeGenerated/Src/stm32f4xx_it.c(100): warning: function 'MemManage_Handler' could be declared with attribute 'noreturn' [-Wmissing-noreturn]
{
^
RTE/Device/STM32F407VGTx/STCubeGenerated/Src/stm32f4xx_it.c(115): warning: function 'BusFault_Handler' could be declared with attribute 'noreturn' [-Wmissing-noreturn]
{
^
RTE/Device/STM32F407VGTx/STCubeGenerated/Src/stm32f4xx_it.c(130): warning: function 'UsageFault_Handler' could be declared with attribute 'noreturn' [-Wmissing-noreturn]
{
^
5 warnings generated.
compiling stm32f4xx_it.c...
lcd/lcd.c(8): warning: In file included from...
./lcd/lcd.h(97): warning: no newline at end of file [-Wnewline-eof]
#endif /* LCD_H_ */
                   ^
./lcd/lcd.h(77): warning: padding struct 'Lcd_HandleTypeDef' with 2 bytes to align 'en_port' [-Wpadded]
        Lcd_PortType en_port;
                     ^
./lcd/lcd.h(70): warning: padding size of 'Lcd_HandleTypeDef' with 1 byte to alignment boundary [-Wpadded]
typedef struct {
        ^
lcd/lcd.c(110): warning: implicit conversion loses integer precision: 'int' to 'uint8_t' (aka 'unsigned char') [-Wimplicit-int-conversion]
        lcd_write_command(lcd, SETCGRAM_ADDR + (code << 3));
        ~~~~~~~~~~~~~~~~~      ~~~~~~~~~~~~~~^~~~~~~~~~~~~
4 warnings generated.
compiling lcd.c...
compiling stm32f4xx_hal.c...
C:/Users/Oktay Erkol/AppData/Local/Arm/Packs/Keil/STM32F4xx_DFP/2.17.0/Drivers/STM32F4xx_HAL_Driver/Src/stm32f4xx_hal_cortex.c(215): warning: function 'HAL_NVIC_SystemReset' could be declared with attribute 'noreturn' [-Wmissing-noreturn]
{
^
C:/Users/Oktay Erkol/AppData/Local/Arm/Packs/Keil/STM32F4xx_DFP/2.17.0/Drivers/STM32F4xx_HAL_Driver/Src/stm32f4xx_hal_cortex.c(81): warning: In file included from...
C:/Users/Oktay Erkol/AppData/Local/Arm/Packs/Keil/STM32F4xx_DFP/2.17.0/Drivers/STM32F4xx_HAL_Driver/Inc\stm32f4xx_hal.h(29): warning: In file included from...
./RTE/Device/STM32F407VGTx/STCubeGenerated/Inc\stm32f4xx_hal_conf.h(290): warning: In file included from...
C:/Users/Oktay Erkol/AppData/Local/Arm/Packs/Keil/STM32F4xx_DFP/2.17.0/Drivers/STM32F4xx_HAL_Driver/Inc\stm32f4xx_hal_cortex.h(52): warning: padding struct 'MPU_Region_InitTypeDef' with 2 bytes to align 'BaseAddress' [-Wpadded]
  uint32_t               BaseAddress;           /*!< Specifies the base address of the region to protect.                           */
                         ^
2 warnings generated.
compiling stm32f4xx_hal_cortex.c...
RTE/Device/STM32F407VGTx/STCubeGenerated/Src/main.c(24): warning: In file included from...
./lcd\lcd.h(97): warning: no newline at end of file [-Wnewline-eof]
#endif /* LCD_H_ */
                   ^
RTE/Device/STM32F407VGTx/STCubeGenerated/Src/main.c(20): warning: In file included from...
./RTE/Device/STM32F407VGTx/STCubeGenerated/Inc\main.h(30): warning: In file included from...
C:/Users/Oktay Erkol/AppData/Local/Arm/Packs/Keil/STM32F4xx_DFP/2.17.0/Drivers/STM32F4xx_HAL_Driver/Inc\stm32f4xx_hal.h(29): warning: In file included from...
./RTE/Device/STM32F407VGTx/STCubeGenerated/Inc\stm32f4xx_hal_conf.h(402): warning: In file included from...
C:/Users/Oktay Erkol/AppData/Local/Arm/Packs/Keil/STM32F4xx_DFP/2.17.0/Drivers/STM32F4xx_HAL_Driver/Inc\stm32f4xx_hal_tim.h(343): warning: padding struct 'TIM_HandleTypeDef' with 3 bytes to align 'hdma' [-Wpadded]
  DMA_HandleTypeDef                  *hdma[7];          /*!< DMA Handlers array
                                      ^
C:/Users/Oktay Erkol/AppData/Local/Arm/Packs/Keil/STM32F4xx_DFP/2.17.0/Drivers/STM32F4xx_HAL_Driver/Inc\stm32f4xx_hal_tim.h(337): warning: padding size of 'TIM_HandleTypeDef' with 1 byte to alignment boundary [-Wpadded]
typedef struct
        ^
RTE/Device/STM32F407VGTx/STCubeGenerated/Src/main.c(20): warning: In file included from...
./RTE/Device/STM32F407VGTx/STCubeGenerated/Inc\main.h(30): warning: In file included from...
C:/Users/Oktay Erkol/AppData/Local/Arm/Packs/Keil/STM32F4xx_DFP/2.17.0/Drivers/STM32F4xx_HAL_Driver/Inc\stm32f4xx_hal.h(29): warning: In file included from...
./RTE/Device/STM32F407VGTx/STCubeGenerated/Inc\stm32f4xx_hal_conf.h(286): warning: In file included from...
C:/Users/Oktay Erkol/AppData/Local/Arm/Packs/Keil/STM32F4xx_DFP/2.17.0/Drivers/STM32F4xx_HAL_Driver/Inc\stm32f4xx_hal_dma.h(148): warning: padding struct 'struct __DMA_HandleTypeDef' with 2 bytes to align 'Parent' [-Wpadded]
  void                       *Parent;                                                          /*!< Parent object state                    */ 
                              ^
RTE/Device/STM32F407VGTx/STCubeGenerated/Src/main.c(113): warning: no previous prototype for function 'write_bit' [-Wmissing-prototypes]
void write_bit(uint8_t bit) {
     ^
RTE/Device/STM32F407VGTx/STCubeGenerated/Src/main.c(113): note: declare 'static' if the function is not intended to be used outside of this translation unit
void write_bit(uint8_t bit) {
^
static 
RTE/Device/STM32F407VGTx/STCubeGenerated/Src/main.c(118): warning: no previous prototype for function 'read_byte' [-Wmissing-prototypes]
uint8_t read_byte(void) {
        ^
RTE/Device/STM32F407VGTx/STCubeGenerated/Src/main.c(118): note: declare 'static' if the function is not intended to be used outside of this translation unit
uint8_t read_byte(void) {
^
static 
RTE/Device/STM32F407VGTx/STCubeGenerated/Src/main.c(125): warning: no previous prototype for function 'write_byte' [-Wmissing-prototypes]
void write_byte(uint8_t data) {
     ^
RTE/Device/STM32F407VGTx/STCubeGenerated/Src/main.c(125): note: declare 'static' if the function is not intended to be used outside of this translation unit
void write_byte(uint8_t data) {
^
static 
RTE/Device/STM32F407VGTx/STCubeGenerated/Src/main.c(130): warning: no previous prototype for function 'get_presence' [-Wmissing-prototypes]
void get_presence(void) {
     ^
RTE/Device/STM32F407VGTx/STCubeGenerated/Src/main.c(130): note: declare 'static' if the function is not intended to be used outside of this translation unit
void get_presence(void) {
^
static 
RTE/Device/STM32F407VGTx/STCubeGenerated/Src/main.c(150): warning: no previous prototype for function 'reset' [-Wmissing-prototypes]
void reset(void) {
     ^
RTE/Device/STM32F407VGTx/STCubeGenerated/Src/main.c(150): note: declare 'static' if the function is not intended to be used outside of this translation unit
void reset(void) {
^
static 
RTE/Device/STM32F407VGTx/STCubeGenerated/Src/main.c(154): warning: no previous prototype for function 'get_ID' [-Wmissing-prototypes]
void get_ID(int * id_data) {
     ^
RTE/Device/STM32F407VGTx/STCubeGenerated/Src/main.c(154): note: declare 'static' if the function is not intended to be used outside of this translation unit
void get_ID(int * id_data) {
^
static 
RTE/Device/STM32F407VGTx/STCubeGenerated/Src/main.c(169): warning: no previous prototype for function 'wait_for_1' [-Wmissing-prototypes]
void wait_for_1(uint32_t time) {
     ^
RTE/Device/STM32F407VGTx/STCubeGenerated/Src/main.c(169): note: declare 'static' if the function is not intended to be used outside of this translation unit
void wait_for_1(uint32_t time) {
^
static 
RTE/Device/STM32F407VGTx/STCubeGenerated/Src/main.c(188): warning: implicit conversion loses floating-point precision: 'double' to 'float' [-Wimplicit-float-conversion]
        return ((pad_data[1] << 8) + pad_data[0])/16.0;
        ~~~~~~ ~~~~~~~~~~~~~~~~~~~~~~~~~~~~~~~~~~^~~~~
RTE/Device/STM32F407VGTx/STCubeGenerated/Src/main.c(176): warning: no previous prototype for function 'get_temperature' [-Wmissing-prototypes]
float get_temperature(void) {
      ^
RTE/Device/STM32F407VGTx/STCubeGenerated/Src/main.c(176): note: declare 'static' if the function is not intended to be used outside of this translation unit
float get_temperature(void) {
^
static 
RTE/Device/STM32F407VGTx/STCubeGenerated/Src/main.c(24): warning: In file included from...
./lcd\lcd.h(77): warning: padding struct 'Lcd_HandleTypeDef' with 2 bytes to align 'en_port' [-Wpadded]
        Lcd_PortType en_port;
                     ^
./lcd\lcd.h(70): warning: padding size of 'Lcd_HandleTypeDef' with 1 byte to alignment boundary [-Wpadded]
typedef struct {
        ^
RTE/Device/STM32F407VGTx/STCubeGenerated/Src/main.c(276): warning: implicit conversion loses integer precision: 'int' to 'uint8_t' (aka 'unsigned char') [-Wimplicit-int-conversion]
                        Lcd_cursor(&lcd, 0, i);
                        ~~~~~~~~~~          ^
RTE/Device/STM32F407VGTx/STCubeGenerated/Src/main.c(281): warning: implicit conversion increases floating-point precision: 'float' to 'double' [-Wdouble-promotion]
                temp=get_temperature();
                    ~^~~~~~~~~~~~~~~~~
RTE/Device/STM32F407VGTx/STCubeGenerated/Src/main.c(232): warning: mixing declarations and code is incompatible with standards before C99 [-Wdeclaration-after-statement]
        Lcd_PortType ports[] = { D4_GPIO_Port, D5_GPIO_Port, D6_GPIO_Port, D7_GPIO_Port };
                     ^
RTE/Device/STM32F407VGTx/STCubeGenerated/Src/main.c(255): warning: unused variable 'L_time' [-Wunused-variable]
        uint32_t L_time=5;
                 ^
RTE/Device/STM32F407VGTx/STCubeGenerated/Src/main.c(256): warning: unused variable 'H_time' [-Wunused-variable]
        uint32_t H_time=60;
                 ^
RTE/Device/STM32F407VGTx/STCubeGenerated/Src/main.c(253): warning: unused variable 'a' [-Wunused-variable]
        int a=60;
            ^
RTE/Device/STM32F407VGTx/STCubeGenerated/Src/main.c(442): warning: function 'Error_Handler' could be declared with attribute 'noreturn' [-Wmissing-noreturn]
{
^
RTE/Device/STM32F407VGTx/STCubeGenerated/Src/main.c(44): warning: no previous extern declaration for non-static variable 'htim2' [-Wmissing-variable-declarations]
TIM_HandleTypeDef htim2;
                  ^
RTE/Device/STM32F407VGTx/STCubeGenerated/Src/main.c(44): note: declare 'static' if the variable is not intended to be used outside of this translation unit
TIM_HandleTypeDef htim2;
^
23 warnings generated.
compiling main.c...
C:/Users/Oktay Erkol/AppData/Local/Arm/Packs/Keil/STM32F4xx_DFP/2.17.0/Drivers/STM32F4xx_HAL_Driver/Src/stm32f4xx_hal_dma.c(97): warning: In file included from...
C:/Users/Oktay Erkol/AppData/Local/Arm/Packs/Keil/STM32F4xx_DFP/2.17.0/Drivers/STM32F4xx_HAL_Driver/Inc\stm32f4xx_hal.h(29): warning: In file included from...
./RTE/Device/STM32F407VGTx/STCubeGenerated/Inc\stm32f4xx_hal_conf.h(286): warning: In file included from...
C:/Users/Oktay Erkol/AppData/Local/Arm/Packs/Keil/STM32F4xx_DFP/2.17.0/Drivers/STM32F4xx_HAL_Driver/Inc\stm32f4xx_hal_dma.h(148): warning: padding struct 'struct __DMA_HandleTypeDef' with 2 bytes to align 'Parent' [-Wpadded]
  void                       *Parent;                                                          /*!< Parent object state                    */ 
                              ^
C:/Users/Oktay Erkol/AppData/Local/Arm/Packs/Keil/STM32F4xx_DFP/2.17.0/Drivers/STM32F4xx_HAL_Driver/Src/stm32f4xx_hal_dma.c(289): warning: cast from function call of type 'uint32_t' (aka 'unsigned int') to non-matching type 'DMA_Base_Registers *' [-Wbad-function-cast]
  regs = (DMA_Base_Registers *)DMA_CalcBaseAndBitshift(hdma);
                               ^~~~~~~~~~~~~~~~~~~~~~~~~~~~~
C:/Users/Oktay Erkol/AppData/Local/Arm/Packs/Keil/STM32F4xx_DFP/2.17.0/Drivers/STM32F4xx_HAL_Driver/Src/stm32f4xx_hal_dma.c(351): warning: cast from function call of type 'uint32_t' (aka 'unsigned int') to non-matching type 'DMA_Base_Registers *' [-Wbad-function-cast]
  regs = (DMA_Base_Registers *)DMA_CalcBaseAndBitshift(hdma);
                               ^~~~~~~~~~~~~~~~~~~~~~~~~~~~~
C:/Users/Oktay Erkol/AppData/Local/Arm/Packs/Keil/STM32F4xx_DFP/2.17.0/Drivers/STM32F4xx_HAL_Driver/Src/stm32f4xx_hal_dma.c(977): warning: enumeration value 'HAL_DMA_XFER_ALL_CB_ID' not explicitly handled in switch [-Wswitch-enum]
    switch (CallbackID)
            ^~~~~~~~~~
C:/Users/Oktay Erkol/AppData/Local/Arm/Packs/Keil/STM32F4xx_DFP/2.17.0/Drivers/STM32F4xx_HAL_Driver/Src/stm32f4xx_hal_dma.c(1073): warning: default label in switch which covers all enumeration values [-Wcovered-switch-default]
    default:
    ^
5 warnings generated.
compiling stm32f4xx_hal_dma.c...
compiling stm32f4xx_hal_gpio.c...
C:/Users/Oktay Erkol/AppData/Local/Arm/Packs/Keil/STM32F4xx_DFP/2.17.0/Drivers/STM32F4xx_HAL_Driver/Src/stm32f4xx_hal_pwr.c(379): warning: unused parameter 'Regulator' [-Wunused-parameter]
void HAL_PWR_EnterSLEEPMode(uint32_t Regulator, uint8_t SLEEPEntry)
                                     ^
1 warning generated.
compiling stm32f4xx_hal_pwr.c...
C:/Users/Oktay Erkol/AppData/Local/Arm/Packs/Keil/STM32F4xx_DFP/2.17.0/Drivers/STM32F4xx_HAL_Driver/Src/stm32f4xx_hal_dma_ex.c(39): warning: In file included from...
C:/Users/Oktay Erkol/AppData/Local/Arm/Packs/Keil/STM32F4xx_DFP/2.17.0/Drivers/STM32F4xx_HAL_Driver/Inc\stm32f4xx_hal.h(29): warning: In file included from...
./RTE/Device/STM32F407VGTx/STCubeGenerated/Inc\stm32f4xx_hal_conf.h(286): warning: In file included from...
C:/Users/Oktay Erkol/AppData/Local/Arm/Packs/Keil/STM32F4xx_DFP/2.17.0/Drivers/STM32F4xx_HAL_Driver/Inc\stm32f4xx_hal_dma.h(148): warning: padding struct 'struct __DMA_HandleTypeDef' with 2 bytes to align 'Parent' [-Wpadded]
  void                       *Parent;                                                          /*!< Parent object state                    */ 
                              ^
1 warning generated.
compiling stm32f4xx_hal_dma_ex.c...
compiling stm32f4xx_hal_pwr_ex.c...
compiling stm32f4xx_hal_rcc_ex.c...
compiling stm32f4xx_hal_rcc.c...
C:/Users/Oktay Erkol/Desktop/arm/ders_arm_cubemx/s16_One_wire/RTE/Device/STM32F407VGTx/STCubeGenerated/Src/stm32f4xx_hal_msp.c(22): warning: In file included from...
./RTE/Device/STM32F407VGTx/STCubeGenerated/Inc\main.h(30): warning: In file included from...
C:/Users/Oktay Erkol/AppData/Local/Arm/Packs/Keil/STM32F4xx_DFP/2.17.0/Drivers/STM32F4xx_HAL_Driver/Inc\stm32f4xx_hal.h(29): warning: In file included from...
./RTE/Device/STM32F407VGTx/STCubeGenerated/Inc\stm32f4xx_hal_conf.h(402): warning: In file included from...
C:/Users/Oktay Erkol/AppData/Local/Arm/Packs/Keil/STM32F4xx_DFP/2.17.0/Drivers/STM32F4xx_HAL_Driver/Inc\stm32f4xx_hal_tim.h(343): warning: padding struct 'TIM_HandleTypeDef' with 3 bytes to align 'hdma' [-Wpadded]
  DMA_HandleTypeDef                  *hdma[7];          /*!< DMA Handlers array
                                      ^
C:/Users/Oktay Erkol/AppData/Local/Arm/Packs/Keil/STM32F4xx_DFP/2.17.0/Drivers/STM32F4xx_HAL_Driver/Inc\stm32f4xx_hal_tim.h(337): warning: padding size of 'TIM_HandleTypeDef' with 1 byte to alignment boundary [-Wpadded]
typedef struct
        ^
C:/Users/Oktay Erkol/Desktop/arm/ders_arm_cubemx/s16_One_wire/RTE/Device/STM32F407VGTx/STCubeGenerated/Src/stm32f4xx_hal_msp.c(22): warning: In file included from...
./RTE/Device/STM32F407VGTx/STCubeGenerated/Inc\main.h(30): warning: In file included from...
C:/Users/Oktay Erkol/AppData/Local/Arm/Packs/Keil/STM32F4xx_DFP/2.17.0/Drivers/STM32F4xx_HAL_Driver/Inc\stm32f4xx_hal.h(29): warning: In file included from...
./RTE/Device/STM32F407VGTx/STCubeGenerated/Inc\stm32f4xx_hal_conf.h(286): warning: In file included from...
C:/Users/Oktay Erkol/AppData/Local/Arm/Packs/Keil/STM32F4xx_DFP/2.17.0/Drivers/STM32F4xx_HAL_Driver/Inc\stm32f4xx_hal_dma.h(148): warning: padding struct 'struct __DMA_HandleTypeDef' with 2 bytes to align 'Parent' [-Wpadded]
  void                       *Parent;                                                          /*!< Parent object state                    */ 
                              ^
3 warnings generated.
compiling stm32f4xx_hal_msp.c...
C:/Users/Oktay Erkol/AppData/Local/Arm/Packs/Keil/STM32F4xx_DFP/2.17.0/Drivers/STM32F4xx_HAL_Driver/Src/stm32f4xx_hal_tim_ex.c(81): warning: In file included from...
C:/Users/Oktay Erkol/AppData/Local/Arm/Packs/Keil/STM32F4xx_DFP/2.17.0/Drivers/STM32F4xx_HAL_Driver/Inc\stm32f4xx_hal.h(29): warning: In file included from...
./RTE/Device/STM32F407VGTx/STCubeGenerated/Inc\stm32f4xx_hal_conf.h(402): warning: In file included from...
C:/Users/Oktay Erkol/AppData/Local/Arm/Packs/Keil/STM32F4xx_DFP/2.17.0/Drivers/STM32F4xx_HAL_Driver/Inc\stm32f4xx_hal_tim.h(343): warning: padding struct 'TIM_HandleTypeDef' with 3 bytes to align 'hdma' [-Wpadded]
  DMA_HandleTypeDef                  *hdma[7];          /*!< DMA Handlers array
                                      ^
C:/Users/Oktay Erkol/AppData/Local/Arm/Packs/Keil/STM32F4xx_DFP/2.17.0/Drivers/STM32F4xx_HAL_Driver/Inc\stm32f4xx_hal_tim.h(337): warning: padding size of 'TIM_HandleTypeDef' with 1 byte to alignment boundary [-Wpadded]
typedef struct
        ^
C:/Users/Oktay Erkol/AppData/Local/Arm/Packs/Keil/STM32F4xx_DFP/2.17.0/Drivers/STM32F4xx_HAL_Driver/Src/stm32f4xx_hal_tim_ex.c(81): warning: In file included from...
C:/Users/Oktay Erkol/AppData/Local/Arm/Packs/Keil/STM32F4xx_DFP/2.17.0/Drivers/STM32F4xx_HAL_Driver/Inc\stm32f4xx_hal.h(29): warning: In file included from...
./RTE/Device/STM32F407VGTx/STCubeGenerated/Inc\stm32f4xx_hal_conf.h(286): warning: In file included from...
C:/Users/Oktay Erkol/AppData/Local/Arm/Packs/Keil/STM32F4xx_DFP/2.17.0/Drivers/STM32F4xx_HAL_Driver/Inc\stm32f4xx_hal_dma.h(148): warning: padding struct 'struct __DMA_HandleTypeDef' with 2 bytes to align 'Parent' [-Wpadded]
  void                       *Parent;                                                          /*!< Parent object state                    */ 
                              ^
3 warnings generated.
compiling stm32f4xx_hal_tim_ex.c...
assembling startup_stm32f407xx.s...
compiling system_stm32f4xx.c...
C:/Users/Oktay Erkol/AppData/Local/Arm/Packs/Keil/STM32F4xx_DFP/2.17.0/Drivers/STM32F4xx_HAL_Driver/Src/stm32f4xx_hal_tim.c(186): warning: In file included from...
C:/Users/Oktay Erkol/AppData/Local/Arm/Packs/Keil/STM32F4xx_DFP/2.17.0/Drivers/STM32F4xx_HAL_Driver/Inc\stm32f4xx_hal.h(29): warning: In file included from...
./RTE/Device/STM32F407VGTx/STCubeGenerated/Inc\stm32f4xx_hal_conf.h(402): warning: In file included from...
C:/Users/Oktay Erkol/AppData/Local/Arm/Packs/Keil/STM32F4xx_DFP/2.17.0/Drivers/STM32F4xx_HAL_Driver/Inc\stm32f4xx_hal_tim.h(343): warning: padding struct 'TIM_HandleTypeDef' with 3 bytes to align 'hdma' [-Wpadded]
  DMA_HandleTypeDef                  *hdma[7];          /*!< DMA Handlers array
                                      ^
C:/Users/Oktay Erkol/AppData/Local/Arm/Packs/Keil/STM32F4xx_DFP/2.17.0/Drivers/STM32F4xx_HAL_Driver/Inc\stm32f4xx_hal_tim.h(337): warning: padding size of 'TIM_HandleTypeDef' with 1 byte to alignment boundary [-Wpadded]
typedef struct
        ^
C:/Users/Oktay Erkol/AppData/Local/Arm/Packs/Keil/STM32F4xx_DFP/2.17.0/Drivers/STM32F4xx_HAL_Driver/Src/stm32f4xx_hal_tim.c(186): warning: In file included from...
C:/Users/Oktay Erkol/AppData/Local/Arm/Packs/Keil/STM32F4xx_DFP/2.17.0/Drivers/STM32F4xx_HAL_Driver/Inc\stm32f4xx_hal.h(29): warning: In file included from...
./RTE/Device/STM32F407VGTx/STCubeGenerated/Inc\stm32f4xx_hal_conf.h(286): warning: In file included from...
C:/Users/Oktay Erkol/AppData/Local/Arm/Packs/Keil/STM32F4xx_DFP/2.17.0/Drivers/STM32F4xx_HAL_Driver/Inc\stm32f4xx_hal_dma.h(148): warning: padding struct 'struct __DMA_HandleTypeDef' with 2 bytes to align 'Parent' [-Wpadded]
  void                       *Parent;                                                          /*!< Parent object state                    */ 
                              ^
3 warnings generated.
compiling stm32f4xx_hal_tim.c...
linking...
Program Size: Code=17328 RO-data=1032 RW-data=12 ZI-data=1712  
FromELF: creating hex file...
".\Objects\prj.axf" - 0 Error(s), 50 Warning(s).

<h2>Software Packages used:</h2>

Package Vendor: ARM
                http://www.keil.com/pack/ARM.CMSIS.5.9.0.pack
                ARM.CMSIS.5.9.0
                CMSIS (Common Microcontroller Software Interface Standard)
   * Component: CORE Version: 5.6.0

Package Vendor: Keil
                project-path/Keil.FrameworkCubeMX.1.0.0.pack
                Keil.FrameworkCubeMX.1.0.0
                STM32CubeMX generated pack description
   * Component: STM32CubeMX Version: 1.1.0

Package Vendor: Keil
                https://www.keil.com/pack/Keil.STM32F4xx_DFP.2.17.0.pack
                Keil.STM32F4xx_DFP.2.17.0
                STMicroelectronics STM32F4 Series Device Support, Drivers and Examples
   * Component: STM32Cube Framework Version: 1.0.0
   * Component: Common Version: 1.8.1
   * Component: Cortex Version: 1.8.1
   * Component: DMA Version: 1.8.1
   * Component: GPIO Version: 1.8.1
   * Component: PWR Version: 1.8.1
   * Component: RCC Version: 1.8.1
   * Component: TIM Version: 1.8.1
   * Component: Startup Version: 2.6.3

<h2>Collection of Component include folders:</h2>
  ./RTE/Device/STM32F407VGTx
  ./RTE/Device/STM32F407VGTx/STCubeGenerated
  ./RTE/Device/STM32F407VGTx/STCubeGenerated/Inc
  ./RTE/_Target_1
  C:/Users/Oktay Erkol/AppData/Local/Arm/Packs/ARM/CMSIS/5.9.0/CMSIS/Core/Include
  C:/Users/Oktay Erkol/AppData/Local/Arm/Packs/Keil/STM32F4xx_DFP/2.17.0/Drivers/CMSIS/Device/ST/STM32F4xx/Include
  C:/Users/Oktay Erkol/AppData/Local/Arm/Packs/Keil/STM32F4xx_DFP/2.17.0/Drivers/STM32F4xx_HAL_Driver/Inc

<h2>Collection of Component Files used:</h2>

   * Component: ::Device:STM32Cube Framework:1.0.0 (API)

   * Component: ARM::CMSIS:CORE:5.6.0

   * Component: Keil::Device:STM32Cube Framework:STM32CubeMX:1.1.0
      Include file:  MX_Device.h
      Include file:  STCubeGenerated/Inc/stm32f4xx_hal_conf.h
      Source file:   STCubeGenerated/Src/stm32f4xx_hal_msp.c

   * Component: Keil::Device:STM32Cube HAL:Common:1.8.1
      Include file:  Drivers/STM32F4xx_HAL_Driver/Inc/stm32f4xx_hal.h
      Source file:   Drivers/STM32F4xx_HAL_Driver/Src/stm32f4xx_hal.c

   * Component: Keil::Device:STM32Cube HAL:Cortex:1.8.1
      Source file:   Drivers/STM32F4xx_HAL_Driver/Src/stm32f4xx_hal_cortex.c

   * Component: Keil::Device:STM32Cube HAL:DMA:1.8.1
      Source file:   Drivers/STM32F4xx_HAL_Driver/Src/stm32f4xx_hal_dma.c
      Source file:   Drivers/STM32F4xx_HAL_Driver/Src/stm32f4xx_hal_dma_ex.c

   * Component: Keil::Device:STM32Cube HAL:GPIO:1.8.1
      Source file:   Drivers/STM32F4xx_HAL_Driver/Src/stm32f4xx_hal_gpio.c

   * Component: Keil::Device:STM32Cube HAL:PWR:1.8.1
      Source file:   Drivers/STM32F4xx_HAL_Driver/Src/stm32f4xx_hal_pwr_ex.c
      Source file:   Drivers/STM32F4xx_HAL_Driver/Src/stm32f4xx_hal_pwr.c

   * Component: Keil::Device:STM32Cube HAL:RCC:1.8.1
      Source file:   Drivers/STM32F4xx_HAL_Driver/Src/stm32f4xx_hal_rcc_ex.c
      Source file:   Drivers/STM32F4xx_HAL_Driver/Src/stm32f4xx_hal_rcc.c

   * Component: Keil::Device:STM32Cube HAL:TIM:1.8.1
      Source file:   Drivers/STM32F4xx_HAL_Driver/Src/stm32f4xx_hal_tim.c
      Source file:   Drivers/STM32F4xx_HAL_Driver/Src/stm32f4xx_hal_tim_ex.c

   * Component: Keil::Device:Startup:2.6.3
      Source file:   MDK/Device/Source/ARM/STM32F40xxx_41xxx_OPT.s
      Source file:   MDK/Device/Source/ARM/STM32F4xx_OTP.s
      Include file:  Drivers/CMSIS/Device/ST/STM32F4xx/Include/stm32f4xx.h
      Source file:   Drivers/CMSIS/Device/ST/STM32F4xx/Source/Templates/arm/startup_stm32f407xx.s
      Source file:   Drivers/CMSIS/Device/ST/STM32F4xx/Source/Templates/system_stm32f4xx.c
Build Time Elapsed:  00:00:02
</pre>
</body>
</html>
