<html>
<body>
<pre>
<h1>µVision Build Log</h1>
<h2>Tool Versions:</h2>
IDE-Version: µVision V5.38.0.0
Copyright (C) 2022 ARM Ltd and ARM Germany GmbH. All rights reserved.
License Information: Oktay Oktay, Oktay, LIC=----
 
Tool Versions:
Toolchain:       MDK-Lite  Version: 5.38.0.0
Toolchain Path:  C:\Keil_v5\ARM\ARMCLANG\Bin
C Compiler:      ArmClang.exe V6.19
Assembler:       Armasm.exe V6.19
Linker/Locator:  ArmLink.exe V6.19
Library Manager: ArmAr.exe V6.19
Hex Converter:   FromElf.exe V6.19
CPU DLL:         SARMCM3.DLL V5.38.0.0
Dialog DLL:      DCM.DLL V1.17.5.0
Target DLL:      STLink\ST-LINKIII-KEIL_SWO.dll V3.1.0.0
Dialog DLL:      TCM.DLL V1.56.4.0
 
<h2>Project:</h2>
C:\Users\Oktay Erkol\Desktop\arm\ders_arm_cubemx\s05_LCD_coustem_character\prj.uvprojx
Project File Date:  02/06/2023

<h2>Output:</h2>
*** Using Compiler 'V6.19', folder: 'C:\Keil_v5\ARM\ARMCLANG\Bin'
Rebuild target 'Target 1'
RTE/Device/STM32F407VGTx/STCubeGenerated/Src/stm32f4xx_it.c(70): warning: function 'NMI_Handler' could be declared with attribute 'noreturn' [-Wmissing-noreturn]
{
^
RTE/Device/STM32F407VGTx/STCubeGenerated/Src/stm32f4xx_it.c(85): warning: function 'HardFault_Handler' could be declared with attribute 'noreturn' [-Wmissing-noreturn]
{
^
RTE/Device/STM32F407VGTx/STCubeGenerated/Src/stm32f4xx_it.c(100): warning: function 'MemManage_Handler' could be declared with attribute 'noreturn' [-Wmissing-noreturn]
{
^
RTE/Device/STM32F407VGTx/STCubeGenerated/Src/stm32f4xx_it.c(115): warning: function 'BusFault_Handler' could be declared with attribute 'noreturn' [-Wmissing-noreturn]
{
^
RTE/Device/STM32F407VGTx/STCubeGenerated/Src/stm32f4xx_it.c(130): warning: function 'UsageFault_Handler' could be declared with attribute 'noreturn' [-Wmissing-noreturn]
{
^
5 warnings generated.
compiling stm32f4xx_it.c...
C:/Users/Oktay Erkol/AppData/Local/Arm/Packs/Keil/STM32F4xx_DFP/2.17.0/Drivers/STM32F4xx_HAL_Driver/Src/stm32f4xx_hal_cortex.c(215): warning: function 'HAL_NVIC_SystemReset' could be declared with attribute 'noreturn' [-Wmissing-noreturn]
{
^
C:/Users/Oktay Erkol/AppData/Local/Arm/Packs/Keil/STM32F4xx_DFP/2.17.0/Drivers/STM32F4xx_HAL_Driver/Src/stm32f4xx_hal_cortex.c(81): warning: In file included from...
C:/Users/Oktay Erkol/AppData/Local/Arm/Packs/Keil/STM32F4xx_DFP/2.17.0/Drivers/STM32F4xx_HAL_Driver/Inc\stm32f4xx_hal.h(29): warning: In file included from...
./RTE/Device/STM32F407VGTx/STCubeGenerated/Inc\stm32f4xx_hal_conf.h(290): warning: In file included from...
C:/Users/Oktay Erkol/AppData/Local/Arm/Packs/Keil/STM32F4xx_DFP/2.17.0/Drivers/STM32F4xx_HAL_Driver/Inc\stm32f4xx_hal_cortex.h(52): warning: padding struct 'MPU_Region_InitTypeDef' with 2 bytes to align 'BaseAddress' [-Wpadded]
  uint32_t               BaseAddress;           /*!< Specifies the base address of the region to protect.                           */
                         ^
2 warnings generated.
compiling stm32f4xx_hal_cortex.c...
RTE/Device/STM32F407VGTx/STCubeGenerated/Src/main.c(24): warning: In file included from...
./lcd\lcd.h(98): warning: no newline at end of file [-Wnewline-eof]
#endif /* LCD_H_ */
                   ^
./lcd\lcd.h(77): warning: padding struct 'Lcd_HandleTypeDef' with 2 bytes to align 'en_port' [-Wpadded]
        Lcd_PortType en_port;
                     ^
./lcd\lcd.h(70): warning: padding size of 'Lcd_HandleTypeDef' with 1 byte to alignment boundary [-Wpadded]
typedef struct {
        ^
RTE/Device/STM32F407VGTx/STCubeGenerated/Src/main.c(116): warning: binary integer literals are a GNU extension [-Wgnu-binary-literal]
        uint8_t bitmap[]={      0b00011111,
                                ^
RTE/Device/STM32F407VGTx/STCubeGenerated/Src/main.c(117): warning: binary integer literals are a GNU extension [-Wgnu-binary-literal]
                                                                                        0b00010101,
                                                                                        ^
RTE/Device/STM32F407VGTx/STCubeGenerated/Src/main.c(118): warning: binary integer literals are a GNU extension [-Wgnu-binary-literal]
                                                                                        0b00010101,
                                                                                        ^
RTE/Device/STM32F407VGTx/STCubeGenerated/Src/main.c(119): warning: binary integer literals are a GNU extension [-Wgnu-binary-literal]
                                                                                        0b00010101,
                                                                                        ^
RTE/Device/STM32F407VGTx/STCubeGenerated/Src/main.c(120): warning: binary integer literals are a GNU extension [-Wgnu-binary-literal]
                                                                                        0b00010101,
                                                                                        ^
RTE/Device/STM32F407VGTx/STCubeGenerated/Src/main.c(121): warning: binary integer literals are a GNU extension [-Wgnu-binary-literal]
                                                                                        0b00010101,
                                                                                        ^
RTE/Device/STM32F407VGTx/STCubeGenerated/Src/main.c(122): warning: binary integer literals are a GNU extension [-Wgnu-binary-literal]
                                                                                        0b00011111,
                                                                                        ^
RTE/Device/STM32F407VGTx/STCubeGenerated/Src/main.c(123): warning: binary integer literals are a GNU extension [-Wgnu-binary-literal]
                                                                                        0b00011111      };
                                                                                        ^
RTE/Device/STM32F407VGTx/STCubeGenerated/Src/main.c(94): warning: mixing declarations and code is incompatible with standards before C99 [-Wdeclaration-after-statement]
        Lcd_PortType ports[] = { D4_GPIO_Port, D5_GPIO_Port, D6_GPIO_Port, D7_GPIO_Port };
                     ^
RTE/Device/STM32F407VGTx/STCubeGenerated/Src/main.c(258): warning: function 'Error_Handler' could be declared with attribute 'noreturn' [-Wmissing-noreturn]
{
^
13 warnings generated.
compiling main.c...
lcd/lcd.c(8): warning: In file included from...
./lcd/lcd.h(98): warning: no newline at end of file [-Wnewline-eof]
#endif /* LCD_H_ */
                   ^
./lcd/lcd.h(77): warning: padding struct 'Lcd_HandleTypeDef' with 2 bytes to align 'en_port' [-Wpadded]
        Lcd_PortType en_port;
                     ^
./lcd/lcd.h(70): warning: padding size of 'Lcd_HandleTypeDef' with 1 byte to alignment boundary [-Wpadded]
typedef struct {
        ^
lcd/lcd.c(110): warning: implicit conversion loses integer precision: 'int' to 'uint8_t' (aka 'unsigned char') [-Wimplicit-int-conversion]
        lcd_write_command(lcd, SETCGRAM_ADDR + (code << 3));
        ~~~~~~~~~~~~~~~~~      ~~~~~~~~~~~~~~^~~~~~~~~~~~~
4 warnings generated.
compiling lcd.c...
compiling stm32f4xx_hal.c...
compiling stm32f4xx_hal_gpio.c...
C:/Users/Oktay Erkol/AppData/Local/Arm/Packs/Keil/STM32F4xx_DFP/2.17.0/Drivers/STM32F4xx_HAL_Driver/Src/stm32f4xx_hal_pwr.c(379): warning: unused parameter 'Regulator' [-Wunused-parameter]
void HAL_PWR_EnterSLEEPMode(uint32_t Regulator, uint8_t SLEEPEntry)
                                     ^
1 warning generated.
compiling stm32f4xx_hal_pwr.c...
compiling stm32f4xx_hal_pwr_ex.c...
compiling stm32f4xx_hal_rcc_ex.c...
compiling stm32f4xx_hal_msp.c...
compiling stm32f4xx_hal_rcc.c...
assembling startup_stm32f407xx.s...
compiling system_stm32f4xx.c...
linking...
Program Size: Code=13316 RO-data=1024 RW-data=12 ZI-data=1640  
FromELF: creating hex file...
".\Objects\prj.axf" - 0 Error(s), 25 Warning(s).

<h2>Software Packages used:</h2>

Package Vendor: ARM
                http://www.keil.com/pack/ARM.CMSIS.5.9.0.pack
                ARM.CMSIS.5.9.0
                CMSIS (Common Microcontroller Software Interface Standard)
   * Component: CORE Version: 5.6.0

Package Vendor: Keil
                project-path/Keil.FrameworkCubeMX.1.0.0.pack
                Keil.FrameworkCubeMX.1.0.0
                STM32CubeMX generated pack description
   * Component: STM32CubeMX Version: 1.1.0

Package Vendor: Keil
                https://www.keil.com/pack/Keil.STM32F4xx_DFP.2.17.0.pack
                Keil.STM32F4xx_DFP.2.17.0
                STMicroelectronics STM32F4 Series Device Support, Drivers and Examples
   * Component: STM32Cube Framework Version: 1.0.0
   * Component: Common Version: 1.8.1
   * Component: Cortex Version: 1.8.1
   * Component: GPIO Version: 1.8.1
   * Component: PWR Version: 1.8.1
   * Component: RCC Version: 1.8.1
   * Component: Startup Version: 2.6.3

<h2>Collection of Component include folders:</h2>
  ./RTE/Device/STM32F407VGTx
  ./RTE/Device/STM32F407VGTx/STCubeGenerated
  ./RTE/Device/STM32F407VGTx/STCubeGenerated/Inc
  ./RTE/_Target_1
  C:/Users/Oktay Erkol/AppData/Local/Arm/Packs/ARM/CMSIS/5.9.0/CMSIS/Core/Include
  C:/Users/Oktay Erkol/AppData/Local/Arm/Packs/Keil/STM32F4xx_DFP/2.17.0/Drivers/CMSIS/Device/ST/STM32F4xx/Include
  C:/Users/Oktay Erkol/AppData/Local/Arm/Packs/Keil/STM32F4xx_DFP/2.17.0/Drivers/STM32F4xx_HAL_Driver/Inc

<h2>Collection of Component Files used:</h2>

   * Component: ::Device:STM32Cube Framework:1.0.0 (API)

   * Component: ARM::CMSIS:CORE:5.6.0

   * Component: Keil::Device:STM32Cube Framework:STM32CubeMX:1.1.0
      Source file:   STCubeGenerated/Src/stm32f4xx_hal_msp.c
      Include file:  STCubeGenerated/Inc/stm32f4xx_hal_conf.h
      Include file:  MX_Device.h

   * Component: Keil::Device:STM32Cube HAL:Common:1.8.1
      Include file:  Drivers/STM32F4xx_HAL_Driver/Inc/stm32f4xx_hal.h
      Source file:   Drivers/STM32F4xx_HAL_Driver/Src/stm32f4xx_hal.c

   * Component: Keil::Device:STM32Cube HAL:Cortex:1.8.1
      Source file:   Drivers/STM32F4xx_HAL_Driver/Src/stm32f4xx_hal_cortex.c

   * Component: Keil::Device:STM32Cube HAL:GPIO:1.8.1
      Source file:   Drivers/STM32F4xx_HAL_Driver/Src/stm32f4xx_hal_gpio.c

   * Component: Keil::Device:STM32Cube HAL:PWR:1.8.1
      Source file:   Drivers/STM32F4xx_HAL_Driver/Src/stm32f4xx_hal_pwr_ex.c
      Source file:   Drivers/STM32F4xx_HAL_Driver/Src/stm32f4xx_hal_pwr.c

   * Component: Keil::Device:STM32Cube HAL:RCC:1.8.1
      Source file:   Drivers/STM32F4xx_HAL_Driver/Src/stm32f4xx_hal_rcc_ex.c
      Source file:   Drivers/STM32F4xx_HAL_Driver/Src/stm32f4xx_hal_rcc.c

   * Component: Keil::Device:Startup:2.6.3
      Source file:   MDK/Device/Source/ARM/STM32F40xxx_41xxx_OPT.s
      Source file:   MDK/Device/Source/ARM/STM32F4xx_OTP.s
      Include file:  Drivers/CMSIS/Device/ST/STM32F4xx/Include/stm32f4xx.h
      Source file:   Drivers/CMSIS/Device/ST/STM32F4xx/Source/Templates/arm/startup_stm32f407xx.s
      Source file:   Drivers/CMSIS/Device/ST/STM32F4xx/Source/Templates/system_stm32f4xx.c
Build Time Elapsed:  00:00:01
</pre>
</body>
</html>
