<html>
<body>
<pre>
<h1>µVision Build Log</h1>
<h2>Tool Versions:</h2>
IDE-Version: µVision V5.38.0.0
Copyright (C) 2022 ARM Ltd and ARM Germany GmbH. All rights reserved.
License Information: Oktay Oktay, Oktay, LIC=----
 
Tool Versions:
Toolchain:       MDK-Lite  Version: 5.38.0.0
Toolchain Path:  C:\Keil_v5\ARM\ARMCLANG\Bin
C Compiler:      ArmClang.exe V6.19
Assembler:       Armasm.exe V6.19
Linker/Locator:  ArmLink.exe V6.19
Library Manager: ArmAr.exe V6.19
Hex Converter:   FromElf.exe V6.19
CPU DLL:         SARMCM3.DLL V5.38.0.0
Dialog DLL:      DCM.DLL V1.17.5.0
Target DLL:      STLink\ST-LINKIII-KEIL_SWO.dll V3.1.0.0
Dialog DLL:      TCM.DLL V1.56.4.0
 
<h2>Project:</h2>
C:\Users\Oktay Erkol\Desktop\arm\ders_arm_cubemx\s04_timer2\prj.uvprojx
Project File Date:  02/05/2023

<h2>Output:</h2>
*** Using Compiler 'V6.19', folder: 'C:\Keil_v5\ARM\ARMCLANG\Bin'
Rebuild target 'Target 1'
RTE/Device/STM32F407VGTx/STCubeGenerated/Src/stm32f4xx_it.c(21): warning: In file included from...
./RTE/Device/STM32F407VGTx/STCubeGenerated/Inc\main.h(30): warning: In file included from...
C:/Users/Oktay Erkol/AppData/Local/Arm/Packs/Keil/STM32F4xx_DFP/2.17.0/Drivers/STM32F4xx_HAL_Driver/Inc\stm32f4xx_hal.h(29): warning: In file included from...
./RTE/Device/STM32F407VGTx/STCubeGenerated/Inc\stm32f4xx_hal_conf.h(286): warning: In file included from...
C:/Users/Oktay Erkol/AppData/Local/Arm/Packs/Keil/STM32F4xx_DFP/2.17.0/Drivers/STM32F4xx_HAL_Driver/Inc\stm32f4xx_hal_dma.h(109): warning: commas at the end of enumerator lists are a C99-specific feature [-Wc99-extensions]
  HAL_DMA_STATE_ABORT             = 0x05U,  /*!< DMA Abort state                     */
                                         ^~
RTE/Device/STM32F407VGTx/STCubeGenerated/Src/stm32f4xx_it.c(21): warning: In file included from...
./RTE/Device/STM32F407VGTx/STCubeGenerated/Inc\main.h(30): warning: In file included from...
C:/Users/Oktay Erkol/AppData/Local/Arm/Packs/Keil/STM32F4xx_DFP/2.17.0/Drivers/STM32F4xx_HAL_Driver/Inc\stm32f4xx_hal.h(29): warning: In file included from...
./RTE/Device/STM32F407VGTx/STCubeGenerated/Inc\stm32f4xx_hal_conf.h(402): warning: In file included from...
C:/Users/Oktay Erkol/AppData/Local/Arm/Packs/Keil/STM32F4xx_DFP/2.17.0/Drivers/STM32F4xx_HAL_Driver/Inc\stm32f4xx_hal_tim.h(306): warning: commas at the end of enumerator lists are a C99-specific feature [-Wc99-extensions]
  HAL_TIM_CHANNEL_STATE_BUSY              = 0x02U,    /*!< An internal process is ongoing on the TIM channel */
                                                 ^~
C:/Users/Oktay Erkol/AppData/Local/Arm/Packs/Keil/STM32F4xx_DFP/2.17.0/Drivers/STM32F4xx_HAL_Driver/Inc\stm32f4xx_hal_tim.h(316): warning: commas at the end of enumerator lists are a C99-specific feature [-Wc99-extensions]
  HAL_DMA_BURST_STATE_BUSY              = 0x02U,    /*!< Ongoing DMA Burst       */
                                               ^~
RTE/Device/STM32F407VGTx/STCubeGenerated/Src/stm32f4xx_it.c(70): warning: function 'NMI_Handler' could be declared with attribute 'noreturn' [-Wmissing-noreturn]
{
^
RTE/Device/STM32F407VGTx/STCubeGenerated/Src/stm32f4xx_it.c(85): warning: function 'HardFault_Handler' could be declared with attribute 'noreturn' [-Wmissing-noreturn]
{
^
RTE/Device/STM32F407VGTx/STCubeGenerated/Src/stm32f4xx_it.c(100): warning: function 'MemManage_Handler' could be declared with attribute 'noreturn' [-Wmissing-noreturn]
{
^
RTE/Device/STM32F407VGTx/STCubeGenerated/Src/stm32f4xx_it.c(115): warning: function 'BusFault_Handler' could be declared with attribute 'noreturn' [-Wmissing-noreturn]
{
^
RTE/Device/STM32F407VGTx/STCubeGenerated/Src/stm32f4xx_it.c(130): warning: function 'UsageFault_Handler' could be declared with attribute 'noreturn' [-Wmissing-noreturn]
{
^
RTE/Device/STM32F407VGTx/STCubeGenerated/Src/stm32f4xx_it.c(21): warning: In file included from...
./RTE/Device/STM32F407VGTx/STCubeGenerated/Inc\main.h(30): warning: In file included from...
C:/Users/Oktay Erkol/AppData/Local/Arm/Packs/Keil/STM32F4xx_DFP/2.17.0/Drivers/STM32F4xx_HAL_Driver/Inc\stm32f4xx_hal.h(29): warning: In file included from...
./RTE/Device/STM32F407VGTx/STCubeGenerated/Inc\stm32f4xx_hal_conf.h(402): warning: In file included from...
C:/Users/Oktay Erkol/AppData/Local/Arm/Packs/Keil/STM32F4xx_DFP/2.17.0/Drivers/STM32F4xx_HAL_Driver/Inc\stm32f4xx_hal_tim.h(343): warning: padding struct 'TIM_HandleTypeDef' with 3 bytes to align 'hdma' [-Wpadded]
  DMA_HandleTypeDef                  *hdma[7];          /*!< DMA Handlers array
                                      ^
C:/Users/Oktay Erkol/AppData/Local/Arm/Packs/Keil/STM32F4xx_DFP/2.17.0/Drivers/STM32F4xx_HAL_Driver/Inc\stm32f4xx_hal_tim.h(337): warning: padding size of 'TIM_HandleTypeDef' with 1 byte to alignment boundary [-Wpadded]
typedef struct
        ^
RTE/Device/STM32F407VGTx/STCubeGenerated/Src/stm32f4xx_it.c(21): warning: In file included from...
./RTE/Device/STM32F407VGTx/STCubeGenerated/Inc\main.h(30): warning: In file included from...
C:/Users/Oktay Erkol/AppData/Local/Arm/Packs/Keil/STM32F4xx_DFP/2.17.0/Drivers/STM32F4xx_HAL_Driver/Inc\stm32f4xx_hal.h(29): warning: In file included from...
./RTE/Device/STM32F407VGTx/STCubeGenerated/Inc\stm32f4xx_hal_conf.h(286): warning: In file included from...
C:/Users/Oktay Erkol/AppData/Local/Arm/Packs/Keil/STM32F4xx_DFP/2.17.0/Drivers/STM32F4xx_HAL_Driver/Inc\stm32f4xx_hal_dma.h(148): warning: padding struct 'struct __DMA_HandleTypeDef' with 2 bytes to align 'Parent' [-Wpadded]
  void                       *Parent;                                                          /*!< Parent object state                    */ 
                              ^
11 warnings generated.
compiling stm32f4xx_it.c...
C:/Users/Oktay Erkol/AppData/Local/Arm/Packs/Keil/STM32F4xx_DFP/2.17.0/Drivers/STM32F4xx_HAL_Driver/Src/stm32f4xx_hal.c(36): warning: In file included from...
C:/Users/Oktay Erkol/AppData/Local/Arm/Packs/Keil/STM32F4xx_DFP/2.17.0/Drivers/STM32F4xx_HAL_Driver/Inc\stm32f4xx_hal.h(29): warning: In file included from...
./RTE/Device/STM32F407VGTx/STCubeGenerated/Inc\stm32f4xx_hal_conf.h(286): warning: In file included from...
C:/Users/Oktay Erkol/AppData/Local/Arm/Packs/Keil/STM32F4xx_DFP/2.17.0/Drivers/STM32F4xx_HAL_Driver/Inc\stm32f4xx_hal_dma.h(109): warning: commas at the end of enumerator lists are a C99-specific feature [-Wc99-extensions]
  HAL_DMA_STATE_ABORT             = 0x05U,  /*!< DMA Abort state                     */
                                         ^~
C:/Users/Oktay Erkol/AppData/Local/Arm/Packs/Keil/STM32F4xx_DFP/2.17.0/Drivers/STM32F4xx_HAL_Driver/Src/stm32f4xx_hal.c(36): warning: In file included from...
C:/Users/Oktay Erkol/AppData/Local/Arm/Packs/Keil/STM32F4xx_DFP/2.17.0/Drivers/STM32F4xx_HAL_Driver/Inc\stm32f4xx_hal.h(29): warning: In file included from...
./RTE/Device/STM32F407VGTx/STCubeGenerated/Inc\stm32f4xx_hal_conf.h(402): warning: In file included from...
C:/Users/Oktay Erkol/AppData/Local/Arm/Packs/Keil/STM32F4xx_DFP/2.17.0/Drivers/STM32F4xx_HAL_Driver/Inc\stm32f4xx_hal_tim.h(306): warning: commas at the end of enumerator lists are a C99-specific feature [-Wc99-extensions]
  HAL_TIM_CHANNEL_STATE_BUSY              = 0x02U,    /*!< An internal process is ongoing on the TIM channel */
                                                 ^~
C:/Users/Oktay Erkol/AppData/Local/Arm/Packs/Keil/STM32F4xx_DFP/2.17.0/Drivers/STM32F4xx_HAL_Driver/Inc\stm32f4xx_hal_tim.h(316): warning: commas at the end of enumerator lists are a C99-specific feature [-Wc99-extensions]
  HAL_DMA_BURST_STATE_BUSY              = 0x02U,    /*!< Ongoing DMA Burst       */
                                               ^~
3 warnings generated.
compiling stm32f4xx_hal.c...
RTE/Device/STM32F407VGTx/STCubeGenerated/Src/main.c(20): warning: In file included from...
./RTE/Device/STM32F407VGTx/STCubeGenerated/Inc\main.h(30): warning: In file included from...
C:/Users/Oktay Erkol/AppData/Local/Arm/Packs/Keil/STM32F4xx_DFP/2.17.0/Drivers/STM32F4xx_HAL_Driver/Inc\stm32f4xx_hal.h(29): warning: In file included from...
./RTE/Device/STM32F407VGTx/STCubeGenerated/Inc\stm32f4xx_hal_conf.h(286): warning: In file included from...
C:/Users/Oktay Erkol/AppData/Local/Arm/Packs/Keil/STM32F4xx_DFP/2.17.0/Drivers/STM32F4xx_HAL_Driver/Inc\stm32f4xx_hal_dma.h(109): warning: commas at the end of enumerator lists are a C99-specific feature [-Wc99-extensions]
  HAL_DMA_STATE_ABORT             = 0x05U,  /*!< DMA Abort state                     */
                                         ^~
RTE/Device/STM32F407VGTx/STCubeGenerated/Src/main.c(20): warning: In file included from...
./RTE/Device/STM32F407VGTx/STCubeGenerated/Inc\main.h(30): warning: In file included from...
C:/Users/Oktay Erkol/AppData/Local/Arm/Packs/Keil/STM32F4xx_DFP/2.17.0/Drivers/STM32F4xx_HAL_Driver/Inc\stm32f4xx_hal.h(29): warning: In file included from...
./RTE/Device/STM32F407VGTx/STCubeGenerated/Inc\stm32f4xx_hal_conf.h(402): warning: In file included from...
C:/Users/Oktay Erkol/AppData/Local/Arm/Packs/Keil/STM32F4xx_DFP/2.17.0/Drivers/STM32F4xx_HAL_Driver/Inc\stm32f4xx_hal_tim.h(306): warning: commas at the end of enumerator lists are a C99-specific feature [-Wc99-extensions]
  HAL_TIM_CHANNEL_STATE_BUSY              = 0x02U,    /*!< An internal process is ongoing on the TIM channel */
                                                 ^~
C:/Users/Oktay Erkol/AppData/Local/Arm/Packs/Keil/STM32F4xx_DFP/2.17.0/Drivers/STM32F4xx_HAL_Driver/Inc\stm32f4xx_hal_tim.h(316): warning: commas at the end of enumerator lists are a C99-specific feature [-Wc99-extensions]
  HAL_DMA_BURST_STATE_BUSY              = 0x02U,    /*!< Ongoing DMA Burst       */
                                               ^~
RTE/Device/STM32F407VGTx/STCubeGenerated/Src/main.c(59): warning: // comments are not allowed in this language [-Wcomment]
// Callback: timer has rolled over
^
RTE/Device/STM32F407VGTx/STCubeGenerated/Src/main.c(20): warning: In file included from...
./RTE/Device/STM32F407VGTx/STCubeGenerated/Inc\main.h(30): warning: In file included from...
C:/Users/Oktay Erkol/AppData/Local/Arm/Packs/Keil/STM32F4xx_DFP/2.17.0/Drivers/STM32F4xx_HAL_Driver/Inc\stm32f4xx_hal.h(29): warning: In file included from...
./RTE/Device/STM32F407VGTx/STCubeGenerated/Inc\stm32f4xx_hal_conf.h(402): warning: In file included from...
C:/Users/Oktay Erkol/AppData/Local/Arm/Packs/Keil/STM32F4xx_DFP/2.17.0/Drivers/STM32F4xx_HAL_Driver/Inc\stm32f4xx_hal_tim.h(343): warning: padding struct 'TIM_HandleTypeDef' with 3 bytes to align 'hdma' [-Wpadded]
  DMA_HandleTypeDef                  *hdma[7];          /*!< DMA Handlers array
                                      ^
C:/Users/Oktay Erkol/AppData/Local/Arm/Packs/Keil/STM32F4xx_DFP/2.17.0/Drivers/STM32F4xx_HAL_Driver/Inc\stm32f4xx_hal_tim.h(337): warning: padding size of 'TIM_HandleTypeDef' with 1 byte to alignment boundary [-Wpadded]
typedef struct
        ^
RTE/Device/STM32F407VGTx/STCubeGenerated/Src/main.c(20): warning: In file included from...
./RTE/Device/STM32F407VGTx/STCubeGenerated/Inc\main.h(30): warning: In file included from...
C:/Users/Oktay Erkol/AppData/Local/Arm/Packs/Keil/STM32F4xx_DFP/2.17.0/Drivers/STM32F4xx_HAL_Driver/Inc\stm32f4xx_hal.h(29): warning: In file included from...
./RTE/Device/STM32F407VGTx/STCubeGenerated/Inc\stm32f4xx_hal_conf.h(286): warning: In file included from...
C:/Users/Oktay Erkol/AppData/Local/Arm/Packs/Keil/STM32F4xx_DFP/2.17.0/Drivers/STM32F4xx_HAL_Driver/Inc\stm32f4xx_hal_dma.h(148): warning: padding struct 'struct __DMA_HandleTypeDef' with 2 bytes to align 'Parent' [-Wpadded]
  void                       *Parent;                                                          /*!< Parent object state                    */ 
                              ^
RTE/Device/STM32F407VGTx/STCubeGenerated/Src/main.c(244): warning: function 'Error_Handler' could be declared with attribute 'noreturn' [-Wmissing-noreturn]
{
^
RTE/Device/STM32F407VGTx/STCubeGenerated/Src/main.c(42): warning: no previous extern declaration for non-static variable 'htim2' [-Wmissing-variable-declarations]
TIM_HandleTypeDef htim2;
                  ^
RTE/Device/STM32F407VGTx/STCubeGenerated/Src/main.c(42): note: declare 'static' if the variable is not intended to be used outside of this translation unit
TIM_HandleTypeDef htim2;
^
9 warnings generated.
compiling main.c...
C:/Users/Oktay Erkol/AppData/Local/Arm/Packs/Keil/STM32F4xx_DFP/2.17.0/Drivers/STM32F4xx_HAL_Driver/Src/stm32f4xx_hal_cortex.c(81): warning: In file included from...
C:/Users/Oktay Erkol/AppData/Local/Arm/Packs/Keil/STM32F4xx_DFP/2.17.0/Drivers/STM32F4xx_HAL_Driver/Inc\stm32f4xx_hal.h(29): warning: In file included from...
./RTE/Device/STM32F407VGTx/STCubeGenerated/Inc\stm32f4xx_hal_conf.h(286): warning: In file included from...
C:/Users/Oktay Erkol/AppData/Local/Arm/Packs/Keil/STM32F4xx_DFP/2.17.0/Drivers/STM32F4xx_HAL_Driver/Inc\stm32f4xx_hal_dma.h(109): warning: commas at the end of enumerator lists are a C99-specific feature [-Wc99-extensions]
  HAL_DMA_STATE_ABORT             = 0x05U,  /*!< DMA Abort state                     */
                                         ^~
C:/Users/Oktay Erkol/AppData/Local/Arm/Packs/Keil/STM32F4xx_DFP/2.17.0/Drivers/STM32F4xx_HAL_Driver/Src/stm32f4xx_hal_cortex.c(81): warning: In file included from...
C:/Users/Oktay Erkol/AppData/Local/Arm/Packs/Keil/STM32F4xx_DFP/2.17.0/Drivers/STM32F4xx_HAL_Driver/Inc\stm32f4xx_hal.h(29): warning: In file included from...
./RTE/Device/STM32F407VGTx/STCubeGenerated/Inc\stm32f4xx_hal_conf.h(402): warning: In file included from...
C:/Users/Oktay Erkol/AppData/Local/Arm/Packs/Keil/STM32F4xx_DFP/2.17.0/Drivers/STM32F4xx_HAL_Driver/Inc\stm32f4xx_hal_tim.h(306): warning: commas at the end of enumerator lists are a C99-specific feature [-Wc99-extensions]
  HAL_TIM_CHANNEL_STATE_BUSY              = 0x02U,    /*!< An internal process is ongoing on the TIM channel */
                                                 ^~
C:/Users/Oktay Erkol/AppData/Local/Arm/Packs/Keil/STM32F4xx_DFP/2.17.0/Drivers/STM32F4xx_HAL_Driver/Inc\stm32f4xx_hal_tim.h(316): warning: commas at the end of enumerator lists are a C99-specific feature [-Wc99-extensions]
  HAL_DMA_BURST_STATE_BUSY              = 0x02U,    /*!< Ongoing DMA Burst       */
                                               ^~
C:/Users/Oktay Erkol/AppData/Local/Arm/Packs/Keil/STM32F4xx_DFP/2.17.0/Drivers/STM32F4xx_HAL_Driver/Src/stm32f4xx_hal_cortex.c(215): warning: function 'HAL_NVIC_SystemReset' could be declared with attribute 'noreturn' [-Wmissing-noreturn]
{
^
C:/Users/Oktay Erkol/AppData/Local/Arm/Packs/Keil/STM32F4xx_DFP/2.17.0/Drivers/STM32F4xx_HAL_Driver/Src/stm32f4xx_hal_cortex.c(81): warning: In file included from...
C:/Users/Oktay Erkol/AppData/Local/Arm/Packs/Keil/STM32F4xx_DFP/2.17.0/Drivers/STM32F4xx_HAL_Driver/Inc\stm32f4xx_hal.h(29): warning: In file included from...
./RTE/Device/STM32F407VGTx/STCubeGenerated/Inc\stm32f4xx_hal_conf.h(290): warning: In file included from...
C:/Users/Oktay Erkol/AppData/Local/Arm/Packs/Keil/STM32F4xx_DFP/2.17.0/Drivers/STM32F4xx_HAL_Driver/Inc\stm32f4xx_hal_cortex.h(52): warning: padding struct 'MPU_Region_InitTypeDef' with 2 bytes to align 'BaseAddress' [-Wpadded]
  uint32_t               BaseAddress;           /*!< Specifies the base address of the region to protect.                           */
                         ^
5 warnings generated.
compiling stm32f4xx_hal_cortex.c...
C:/Users/Oktay Erkol/AppData/Local/Arm/Packs/Keil/STM32F4xx_DFP/2.17.0/Drivers/STM32F4xx_HAL_Driver/Src/stm32f4xx_hal_dma.c(97): warning: In file included from...
C:/Users/Oktay Erkol/AppData/Local/Arm/Packs/Keil/STM32F4xx_DFP/2.17.0/Drivers/STM32F4xx_HAL_Driver/Inc\stm32f4xx_hal.h(29): warning: In file included from...
./RTE/Device/STM32F407VGTx/STCubeGenerated/Inc\stm32f4xx_hal_conf.h(286): warning: In file included from...
C:/Users/Oktay Erkol/AppData/Local/Arm/Packs/Keil/STM32F4xx_DFP/2.17.0/Drivers/STM32F4xx_HAL_Driver/Inc\stm32f4xx_hal_dma.h(109): warning: commas at the end of enumerator lists are a C99-specific feature [-Wc99-extensions]
  HAL_DMA_STATE_ABORT             = 0x05U,  /*!< DMA Abort state                     */
                                         ^~
C:/Users/Oktay Erkol/AppData/Local/Arm/Packs/Keil/STM32F4xx_DFP/2.17.0/Drivers/STM32F4xx_HAL_Driver/Src/stm32f4xx_hal_dma.c(97): warning: In file included from...
C:/Users/Oktay Erkol/AppData/Local/Arm/Packs/Keil/STM32F4xx_DFP/2.17.0/Drivers/STM32F4xx_HAL_Driver/Inc\stm32f4xx_hal.h(29): warning: In file included from...
./RTE/Device/STM32F407VGTx/STCubeGenerated/Inc\stm32f4xx_hal_conf.h(402): warning: In file included from...
C:/Users/Oktay Erkol/AppData/Local/Arm/Packs/Keil/STM32F4xx_DFP/2.17.0/Drivers/STM32F4xx_HAL_Driver/Inc\stm32f4xx_hal_tim.h(306): warning: commas at the end of enumerator lists are a C99-specific feature [-Wc99-extensions]
  HAL_TIM_CHANNEL_STATE_BUSY              = 0x02U,    /*!< An internal process is ongoing on the TIM channel */
                                                 ^~
C:/Users/Oktay Erkol/AppData/Local/Arm/Packs/Keil/STM32F4xx_DFP/2.17.0/Drivers/STM32F4xx_HAL_Driver/Inc\stm32f4xx_hal_tim.h(316): warning: commas at the end of enumerator lists are a C99-specific feature [-Wc99-extensions]
  HAL_DMA_BURST_STATE_BUSY              = 0x02U,    /*!< Ongoing DMA Burst       */
                                               ^~
C:/Users/Oktay Erkol/AppData/Local/Arm/Packs/Keil/STM32F4xx_DFP/2.17.0/Drivers/STM32F4xx_HAL_Driver/Src/stm32f4xx_hal_dma.c(97): warning: In file included from...
C:/Users/Oktay Erkol/AppData/Local/Arm/Packs/Keil/STM32F4xx_DFP/2.17.0/Drivers/STM32F4xx_HAL_Driver/Inc\stm32f4xx_hal.h(29): warning: In file included from...
./RTE/Device/STM32F407VGTx/STCubeGenerated/Inc\stm32f4xx_hal_conf.h(286): warning: In file included from...
C:/Users/Oktay Erkol/AppData/Local/Arm/Packs/Keil/STM32F4xx_DFP/2.17.0/Drivers/STM32F4xx_HAL_Driver/Inc\stm32f4xx_hal_dma.h(148): warning: padding struct 'struct __DMA_HandleTypeDef' with 2 bytes to align 'Parent' [-Wpadded]
  void                       *Parent;                                                          /*!< Parent object state                    */ 
                              ^
C:/Users/Oktay Erkol/AppData/Local/Arm/Packs/Keil/STM32F4xx_DFP/2.17.0/Drivers/STM32F4xx_HAL_Driver/Src/stm32f4xx_hal_dma.c(289): warning: cast from function call of type 'uint32_t' (aka 'unsigned int') to non-matching type 'DMA_Base_Registers *' [-Wbad-function-cast]
  regs = (DMA_Base_Registers *)DMA_CalcBaseAndBitshift(hdma);
                               ^~~~~~~~~~~~~~~~~~~~~~~~~~~~~
C:/Users/Oktay Erkol/AppData/Local/Arm/Packs/Keil/STM32F4xx_DFP/2.17.0/Drivers/STM32F4xx_HAL_Driver/Src/stm32f4xx_hal_dma.c(351): warning: cast from function call of type 'uint32_t' (aka 'unsigned int') to non-matching type 'DMA_Base_Registers *' [-Wbad-function-cast]
  regs = (DMA_Base_Registers *)DMA_CalcBaseAndBitshift(hdma);
                               ^~~~~~~~~~~~~~~~~~~~~~~~~~~~~
C:/Users/Oktay Erkol/AppData/Local/Arm/Packs/Keil/STM32F4xx_DFP/2.17.0/Drivers/STM32F4xx_HAL_Driver/Src/stm32f4xx_hal_dma.c(977): warning: enumeration value 'HAL_DMA_XFER_ALL_CB_ID' not explicitly handled in switch [-Wswitch-enum]
    switch (CallbackID)
            ^~~~~~~~~~
C:/Users/Oktay Erkol/AppData/Local/Arm/Packs/Keil/STM32F4xx_DFP/2.17.0/Drivers/STM32F4xx_HAL_Driver/Src/stm32f4xx_hal_dma.c(1073): warning: default label in switch which covers all enumeration values [-Wcovered-switch-default]
    default:
    ^
8 warnings generated.
compiling stm32f4xx_hal_dma.c...
C:/Users/Oktay Erkol/AppData/Local/Arm/Packs/Keil/STM32F4xx_DFP/2.17.0/Drivers/STM32F4xx_HAL_Driver/Src/stm32f4xx_hal_dma_ex.c(39): warning: In file included from...
C:/Users/Oktay Erkol/AppData/Local/Arm/Packs/Keil/STM32F4xx_DFP/2.17.0/Drivers/STM32F4xx_HAL_Driver/Inc\stm32f4xx_hal.h(29): warning: In file included from...
./RTE/Device/STM32F407VGTx/STCubeGenerated/Inc\stm32f4xx_hal_conf.h(286): warning: In file included from...
C:/Users/Oktay Erkol/AppData/Local/Arm/Packs/Keil/STM32F4xx_DFP/2.17.0/Drivers/STM32F4xx_HAL_Driver/Inc\stm32f4xx_hal_dma.h(109): warning: commas at the end of enumerator lists are a C99-specific feature [-Wc99-extensions]
  HAL_DMA_STATE_ABORT             = 0x05U,  /*!< DMA Abort state                     */
                                         ^~
C:/Users/Oktay Erkol/AppData/Local/Arm/Packs/Keil/STM32F4xx_DFP/2.17.0/Drivers/STM32F4xx_HAL_Driver/Src/stm32f4xx_hal_dma_ex.c(39): warning: In file included from...
C:/Users/Oktay Erkol/AppData/Local/Arm/Packs/Keil/STM32F4xx_DFP/2.17.0/Drivers/STM32F4xx_HAL_Driver/Inc\stm32f4xx_hal.h(29): warning: In file included from...
./RTE/Device/STM32F407VGTx/STCubeGenerated/Inc\stm32f4xx_hal_conf.h(402): warning: In file included from...
C:/Users/Oktay Erkol/AppData/Local/Arm/Packs/Keil/STM32F4xx_DFP/2.17.0/Drivers/STM32F4xx_HAL_Driver/Inc\stm32f4xx_hal_tim.h(306): warning: commas at the end of enumerator lists are a C99-specific feature [-Wc99-extensions]
  HAL_TIM_CHANNEL_STATE_BUSY              = 0x02U,    /*!< An internal process is ongoing on the TIM channel */
                                                 ^~
C:/Users/Oktay Erkol/AppData/Local/Arm/Packs/Keil/STM32F4xx_DFP/2.17.0/Drivers/STM32F4xx_HAL_Driver/Inc\stm32f4xx_hal_tim.h(316): warning: commas at the end of enumerator lists are a C99-specific feature [-Wc99-extensions]
  HAL_DMA_BURST_STATE_BUSY              = 0x02U,    /*!< Ongoing DMA Burst       */
                                               ^~
C:/Users/Oktay Erkol/AppData/Local/Arm/Packs/Keil/STM32F4xx_DFP/2.17.0/Drivers/STM32F4xx_HAL_Driver/Src/stm32f4xx_hal_dma_ex.c(39): warning: In file included from...
C:/Users/Oktay Erkol/AppData/Local/Arm/Packs/Keil/STM32F4xx_DFP/2.17.0/Drivers/STM32F4xx_HAL_Driver/Inc\stm32f4xx_hal.h(29): warning: In file included from...
./RTE/Device/STM32F407VGTx/STCubeGenerated/Inc\stm32f4xx_hal_conf.h(286): warning: In file included from...
C:/Users/Oktay Erkol/AppData/Local/Arm/Packs/Keil/STM32F4xx_DFP/2.17.0/Drivers/STM32F4xx_HAL_Driver/Inc\stm32f4xx_hal_dma.h(148): warning: padding struct 'struct __DMA_HandleTypeDef' with 2 bytes to align 'Parent' [-Wpadded]
  void                       *Parent;                                                          /*!< Parent object state                    */ 
                              ^
4 warnings generated.
compiling stm32f4xx_hal_dma_ex.c...
C:/Users/Oktay Erkol/AppData/Local/Arm/Packs/Keil/STM32F4xx_DFP/2.17.0/Drivers/STM32F4xx_HAL_Driver/Src/stm32f4xx_hal_gpio.c(108): warning: In file included from...
C:/Users/Oktay Erkol/AppData/Local/Arm/Packs/Keil/STM32F4xx_DFP/2.17.0/Drivers/STM32F4xx_HAL_Driver/Inc\stm32f4xx_hal.h(29): warning: In file included from...
./RTE/Device/STM32F407VGTx/STCubeGenerated/Inc\stm32f4xx_hal_conf.h(286): warning: In file included from...
C:/Users/Oktay Erkol/AppData/Local/Arm/Packs/Keil/STM32F4xx_DFP/2.17.0/Drivers/STM32F4xx_HAL_Driver/Inc\stm32f4xx_hal_dma.h(109): warning: commas at the end of enumerator lists are a C99-specific feature [-Wc99-extensions]
  HAL_DMA_STATE_ABORT             = 0x05U,  /*!< DMA Abort state                     */
                                         ^~
C:/Users/Oktay Erkol/AppData/Local/Arm/Packs/Keil/STM32F4xx_DFP/2.17.0/Drivers/STM32F4xx_HAL_Driver/Src/stm32f4xx_hal_gpio.c(108): warning: In file included from...
C:/Users/Oktay Erkol/AppData/Local/Arm/Packs/Keil/STM32F4xx_DFP/2.17.0/Drivers/STM32F4xx_HAL_Driver/Inc\stm32f4xx_hal.h(29): warning: In file included from...
./RTE/Device/STM32F407VGTx/STCubeGenerated/Inc\stm32f4xx_hal_conf.h(402): warning: In file included from...
C:/Users/Oktay Erkol/AppData/Local/Arm/Packs/Keil/STM32F4xx_DFP/2.17.0/Drivers/STM32F4xx_HAL_Driver/Inc\stm32f4xx_hal_tim.h(306): warning: commas at the end of enumerator lists are a C99-specific feature [-Wc99-extensions]
  HAL_TIM_CHANNEL_STATE_BUSY              = 0x02U,    /*!< An internal process is ongoing on the TIM channel */
                                                 ^~
C:/Users/Oktay Erkol/AppData/Local/Arm/Packs/Keil/STM32F4xx_DFP/2.17.0/Drivers/STM32F4xx_HAL_Driver/Inc\stm32f4xx_hal_tim.h(316): warning: commas at the end of enumerator lists are a C99-specific feature [-Wc99-extensions]
  HAL_DMA_BURST_STATE_BUSY              = 0x02U,    /*!< Ongoing DMA Burst       */
                                               ^~
3 warnings generated.
compiling stm32f4xx_hal_gpio.c...
C:/Users/Oktay Erkol/AppData/Local/Arm/Packs/Keil/STM32F4xx_DFP/2.17.0/Drivers/STM32F4xx_HAL_Driver/Src/stm32f4xx_hal_pwr.c(24): warning: In file included from...
C:/Users/Oktay Erkol/AppData/Local/Arm/Packs/Keil/STM32F4xx_DFP/2.17.0/Drivers/STM32F4xx_HAL_Driver/Inc\stm32f4xx_hal.h(29): warning: In file included from...
./RTE/Device/STM32F407VGTx/STCubeGenerated/Inc\stm32f4xx_hal_conf.h(286): warning: In file included from...
C:/Users/Oktay Erkol/AppData/Local/Arm/Packs/Keil/STM32F4xx_DFP/2.17.0/Drivers/STM32F4xx_HAL_Driver/Inc\stm32f4xx_hal_dma.h(109): warning: commas at the end of enumerator lists are a C99-specific feature [-Wc99-extensions]
  HAL_DMA_STATE_ABORT             = 0x05U,  /*!< DMA Abort state                     */
                                         ^~
C:/Users/Oktay Erkol/AppData/Local/Arm/Packs/Keil/STM32F4xx_DFP/2.17.0/Drivers/STM32F4xx_HAL_Driver/Src/stm32f4xx_hal_pwr.c(24): warning: In file included from...
C:/Users/Oktay Erkol/AppData/Local/Arm/Packs/Keil/STM32F4xx_DFP/2.17.0/Drivers/STM32F4xx_HAL_Driver/Inc\stm32f4xx_hal.h(29): warning: In file included from...
./RTE/Device/STM32F407VGTx/STCubeGenerated/Inc\stm32f4xx_hal_conf.h(402): warning: In file included from...
C:/Users/Oktay Erkol/AppData/Local/Arm/Packs/Keil/STM32F4xx_DFP/2.17.0/Drivers/STM32F4xx_HAL_Driver/Inc\stm32f4xx_hal_tim.h(306): warning: commas at the end of enumerator lists are a C99-specific feature [-Wc99-extensions]
  HAL_TIM_CHANNEL_STATE_BUSY              = 0x02U,    /*!< An internal process is ongoing on the TIM channel */
                                                 ^~
C:/Users/Oktay Erkol/AppData/Local/Arm/Packs/Keil/STM32F4xx_DFP/2.17.0/Drivers/STM32F4xx_HAL_Driver/Inc\stm32f4xx_hal_tim.h(316): warning: commas at the end of enumerator lists are a C99-specific feature [-Wc99-extensions]
  HAL_DMA_BURST_STATE_BUSY              = 0x02U,    /*!< Ongoing DMA Burst       */
                                               ^~
C:/Users/Oktay Erkol/AppData/Local/Arm/Packs/Keil/STM32F4xx_DFP/2.17.0/Drivers/STM32F4xx_HAL_Driver/Src/stm32f4xx_hal_pwr.c(379): warning: unused parameter 'Regulator' [-Wunused-parameter]
void HAL_PWR_EnterSLEEPMode(uint32_t Regulator, uint8_t SLEEPEntry)
                                     ^
4 warnings generated.
compiling stm32f4xx_hal_pwr.c...
C:/Users/Oktay Erkol/AppData/Local/Arm/Packs/Keil/STM32F4xx_DFP/2.17.0/Drivers/STM32F4xx_HAL_Driver/Src/stm32f4xx_hal_pwr_ex.c(23): warning: In file included from...
C:/Users/Oktay Erkol/AppData/Local/Arm/Packs/Keil/STM32F4xx_DFP/2.17.0/Drivers/STM32F4xx_HAL_Driver/Inc\stm32f4xx_hal.h(29): warning: In file included from...
./RTE/Device/STM32F407VGTx/STCubeGenerated/Inc\stm32f4xx_hal_conf.h(286): warning: In file included from...
C:/Users/Oktay Erkol/AppData/Local/Arm/Packs/Keil/STM32F4xx_DFP/2.17.0/Drivers/STM32F4xx_HAL_Driver/Inc\stm32f4xx_hal_dma.h(109): warning: commas at the end of enumerator lists are a C99-specific feature [-Wc99-extensions]
  HAL_DMA_STATE_ABORT             = 0x05U,  /*!< DMA Abort state                     */
                                         ^~
C:/Users/Oktay Erkol/AppData/Local/Arm/Packs/Keil/STM32F4xx_DFP/2.17.0/Drivers/STM32F4xx_HAL_Driver/Src/stm32f4xx_hal_pwr_ex.c(23): warning: In file included from...
C:/Users/Oktay Erkol/AppData/Local/Arm/Packs/Keil/STM32F4xx_DFP/2.17.0/Drivers/STM32F4xx_HAL_Driver/Inc\stm32f4xx_hal.h(29): warning: In file included from...
./RTE/Device/STM32F407VGTx/STCubeGenerated/Inc\stm32f4xx_hal_conf.h(402): warning: In file included from...
C:/Users/Oktay Erkol/AppData/Local/Arm/Packs/Keil/STM32F4xx_DFP/2.17.0/Drivers/STM32F4xx_HAL_Driver/Inc\stm32f4xx_hal_tim.h(306): warning: commas at the end of enumerator lists are a C99-specific feature [-Wc99-extensions]
  HAL_TIM_CHANNEL_STATE_BUSY              = 0x02U,    /*!< An internal process is ongoing on the TIM channel */
                                                 ^~
C:/Users/Oktay Erkol/AppData/Local/Arm/Packs/Keil/STM32F4xx_DFP/2.17.0/Drivers/STM32F4xx_HAL_Driver/Inc\stm32f4xx_hal_tim.h(316): warning: commas at the end of enumerator lists are a C99-specific feature [-Wc99-extensions]
  HAL_DMA_BURST_STATE_BUSY              = 0x02U,    /*!< Ongoing DMA Burst       */
                                               ^~
3 warnings generated.
compiling stm32f4xx_hal_pwr_ex.c...
C:/Users/Oktay Erkol/AppData/Local/Arm/Packs/Keil/STM32F4xx_DFP/2.17.0/Drivers/STM32F4xx_HAL_Driver/Src/stm32f4xx_hal_rcc.c(67): warning: In file included from...
C:/Users/Oktay Erkol/AppData/Local/Arm/Packs/Keil/STM32F4xx_DFP/2.17.0/Drivers/STM32F4xx_HAL_Driver/Inc\stm32f4xx_hal.h(29): warning: In file included from...
./RTE/Device/STM32F407VGTx/STCubeGenerated/Inc\stm32f4xx_hal_conf.h(286): warning: In file included from...
C:/Users/Oktay Erkol/AppData/Local/Arm/Packs/Keil/STM32F4xx_DFP/2.17.0/Drivers/STM32F4xx_HAL_Driver/Inc\stm32f4xx_hal_dma.h(109): warning: commas at the end of enumerator lists are a C99-specific feature [-Wc99-extensions]
  HAL_DMA_STATE_ABORT             = 0x05U,  /*!< DMA Abort state                     */
                                         ^~
C:/Users/Oktay Erkol/AppData/Local/Arm/Packs/Keil/STM32F4xx_DFP/2.17.0/Drivers/STM32F4xx_HAL_Driver/Src/stm32f4xx_hal_rcc.c(67): warning: In file included from...
C:/Users/Oktay Erkol/AppData/Local/Arm/Packs/Keil/STM32F4xx_DFP/2.17.0/Drivers/STM32F4xx_HAL_Driver/Inc\stm32f4xx_hal.h(29): warning: In file included from...
./RTE/Device/STM32F407VGTx/STCubeGenerated/Inc\stm32f4xx_hal_conf.h(402): warning: In file included from...
C:/Users/Oktay Erkol/AppData/Local/Arm/Packs/Keil/STM32F4xx_DFP/2.17.0/Drivers/STM32F4xx_HAL_Driver/Inc\stm32f4xx_hal_tim.h(306): warning: commas at the end of enumerator lists are a C99-specific feature [-Wc99-extensions]
  HAL_TIM_CHANNEL_STATE_BUSY              = 0x02U,    /*!< An internal process is ongoing on the TIM channel */
                                                 ^~
C:/Users/Oktay Erkol/AppData/Local/Arm/Packs/Keil/STM32F4xx_DFP/2.17.0/Drivers/STM32F4xx_HAL_Driver/Inc\stm32f4xx_hal_tim.h(316): warning: commas at the end of enumerator lists are a C99-specific feature [-Wc99-extensions]
  HAL_DMA_BURST_STATE_BUSY              = 0x02U,    /*!< Ongoing DMA Burst       */
                                               ^~
3 warnings generated.
compiling stm32f4xx_hal_rcc.c...
C:/Users/Oktay Erkol/AppData/Local/Arm/Packs/Keil/STM32F4xx_DFP/2.17.0/Drivers/STM32F4xx_HAL_Driver/Src/stm32f4xx_hal_rcc_ex.c(23): warning: In file included from...
C:/Users/Oktay Erkol/AppData/Local/Arm/Packs/Keil/STM32F4xx_DFP/2.17.0/Drivers/STM32F4xx_HAL_Driver/Inc\stm32f4xx_hal.h(29): warning: In file included from...
./RTE/Device/STM32F407VGTx/STCubeGenerated/Inc\stm32f4xx_hal_conf.h(286): warning: In file included from...
C:/Users/Oktay Erkol/AppData/Local/Arm/Packs/Keil/STM32F4xx_DFP/2.17.0/Drivers/STM32F4xx_HAL_Driver/Inc\stm32f4xx_hal_dma.h(109): warning: commas at the end of enumerator lists are a C99-specific feature [-Wc99-extensions]
  HAL_DMA_STATE_ABORT             = 0x05U,  /*!< DMA Abort state                     */
                                         ^~
C:/Users/Oktay Erkol/AppData/Local/Arm/Packs/Keil/STM32F4xx_DFP/2.17.0/Drivers/STM32F4xx_HAL_Driver/Src/stm32f4xx_hal_rcc_ex.c(23): warning: In file included from...
C:/Users/Oktay Erkol/AppData/Local/Arm/Packs/Keil/STM32F4xx_DFP/2.17.0/Drivers/STM32F4xx_HAL_Driver/Inc\stm32f4xx_hal.h(29): warning: In file included from...
./RTE/Device/STM32F407VGTx/STCubeGenerated/Inc\stm32f4xx_hal_conf.h(402): warning: In file included from...
C:/Users/Oktay Erkol/AppData/Local/Arm/Packs/Keil/STM32F4xx_DFP/2.17.0/Drivers/STM32F4xx_HAL_Driver/Inc\stm32f4xx_hal_tim.h(306): warning: commas at the end of enumerator lists are a C99-specific feature [-Wc99-extensions]
  HAL_TIM_CHANNEL_STATE_BUSY              = 0x02U,    /*!< An internal process is ongoing on the TIM channel */
                                                 ^~
C:/Users/Oktay Erkol/AppData/Local/Arm/Packs/Keil/STM32F4xx_DFP/2.17.0/Drivers/STM32F4xx_HAL_Driver/Inc\stm32f4xx_hal_tim.h(316): warning: commas at the end of enumerator lists are a C99-specific feature [-Wc99-extensions]
  HAL_DMA_BURST_STATE_BUSY              = 0x02U,    /*!< Ongoing DMA Burst       */
                                               ^~
3 warnings generated.
compiling stm32f4xx_hal_rcc_ex.c...
C:/Users/Oktay Erkol/Desktop/arm/ders_arm_cubemx/s04_timer2/RTE/Device/STM32F407VGTx/STCubeGenerated/Src/stm32f4xx_hal_msp.c(22): warning: In file included from...
./RTE/Device/STM32F407VGTx/STCubeGenerated/Inc\main.h(30): warning: In file included from...
C:/Users/Oktay Erkol/AppData/Local/Arm/Packs/Keil/STM32F4xx_DFP/2.17.0/Drivers/STM32F4xx_HAL_Driver/Inc\stm32f4xx_hal.h(29): warning: In file included from...
./RTE/Device/STM32F407VGTx/STCubeGenerated/Inc\stm32f4xx_hal_conf.h(286): warning: In file included from...
C:/Users/Oktay Erkol/AppData/Local/Arm/Packs/Keil/STM32F4xx_DFP/2.17.0/Drivers/STM32F4xx_HAL_Driver/Inc\stm32f4xx_hal_dma.h(109): warning: commas at the end of enumerator lists are a C99-specific feature [-Wc99-extensions]
  HAL_DMA_STATE_ABORT             = 0x05U,  /*!< DMA Abort state                     */
                                         ^~
C:/Users/Oktay Erkol/Desktop/arm/ders_arm_cubemx/s04_timer2/RTE/Device/STM32F407VGTx/STCubeGenerated/Src/stm32f4xx_hal_msp.c(22): warning: In file included from...
./RTE/Device/STM32F407VGTx/STCubeGenerated/Inc\main.h(30): warning: In file included from...
C:/Users/Oktay Erkol/AppData/Local/Arm/Packs/Keil/STM32F4xx_DFP/2.17.0/Drivers/STM32F4xx_HAL_Driver/Inc\stm32f4xx_hal.h(29): warning: In file included from...
./RTE/Device/STM32F407VGTx/STCubeGenerated/Inc\stm32f4xx_hal_conf.h(402): warning: In file included from...
C:/Users/Oktay Erkol/AppData/Local/Arm/Packs/Keil/STM32F4xx_DFP/2.17.0/Drivers/STM32F4xx_HAL_Driver/Inc\stm32f4xx_hal_tim.h(306): warning: commas at the end of enumerator lists are a C99-specific feature [-Wc99-extensions]
  HAL_TIM_CHANNEL_STATE_BUSY              = 0x02U,    /*!< An internal process is ongoing on the TIM channel */
                                                 ^~
C:/Users/Oktay Erkol/AppData/Local/Arm/Packs/Keil/STM32F4xx_DFP/2.17.0/Drivers/STM32F4xx_HAL_Driver/Inc\stm32f4xx_hal_tim.h(316): warning: commas at the end of enumerator lists are a C99-specific feature [-Wc99-extensions]
  HAL_DMA_BURST_STATE_BUSY              = 0x02U,    /*!< Ongoing DMA Burst       */
                                               ^~
C:/Users/Oktay Erkol/AppData/Local/Arm/Packs/Keil/STM32F4xx_DFP/2.17.0/Drivers/STM32F4xx_HAL_Driver/Inc\stm32f4xx_hal_tim.h(343): warning: padding struct 'TIM_HandleTypeDef' with 3 bytes to align 'hdma' [-Wpadded]
  DMA_HandleTypeDef                  *hdma[7];          /*!< DMA Handlers array
                                      ^
C:/Users/Oktay Erkol/AppData/Local/Arm/Packs/Keil/STM32F4xx_DFP/2.17.0/Drivers/STM32F4xx_HAL_Driver/Inc\stm32f4xx_hal_tim.h(337): warning: padding size of 'TIM_HandleTypeDef' with 1 byte to alignment boundary [-Wpadded]
typedef struct
        ^
C:/Users/Oktay Erkol/Desktop/arm/ders_arm_cubemx/s04_timer2/RTE/Device/STM32F407VGTx/STCubeGenerated/Src/stm32f4xx_hal_msp.c(22): warning: In file included from...
./RTE/Device/STM32F407VGTx/STCubeGenerated/Inc\main.h(30): warning: In file included from...
C:/Users/Oktay Erkol/AppData/Local/Arm/Packs/Keil/STM32F4xx_DFP/2.17.0/Drivers/STM32F4xx_HAL_Driver/Inc\stm32f4xx_hal.h(29): warning: In file included from...
./RTE/Device/STM32F407VGTx/STCubeGenerated/Inc\stm32f4xx_hal_conf.h(286): warning: In file included from...
C:/Users/Oktay Erkol/AppData/Local/Arm/Packs/Keil/STM32F4xx_DFP/2.17.0/Drivers/STM32F4xx_HAL_Driver/Inc\stm32f4xx_hal_dma.h(148): warning: padding struct 'struct __DMA_HandleTypeDef' with 2 bytes to align 'Parent' [-Wpadded]
  void                       *Parent;                                                          /*!< Parent object state                    */ 
                              ^
6 warnings generated.
compiling stm32f4xx_hal_msp.c...
assembling startup_stm32f407xx.s...
C:/Users/Oktay Erkol/AppData/Local/Arm/Packs/Keil/STM32F4xx_DFP/2.17.0/Drivers/STM32F4xx_HAL_Driver/Src/stm32f4xx_hal_tim_ex.c(81): warning: In file included from...
C:/Users/Oktay Erkol/AppData/Local/Arm/Packs/Keil/STM32F4xx_DFP/2.17.0/Drivers/STM32F4xx_HAL_Driver/Inc\stm32f4xx_hal.h(29): warning: In file included from...
./RTE/Device/STM32F407VGTx/STCubeGenerated/Inc\stm32f4xx_hal_conf.h(286): warning: In file included from...
C:/Users/Oktay Erkol/AppData/Local/Arm/Packs/Keil/STM32F4xx_DFP/2.17.0/Drivers/STM32F4xx_HAL_Driver/Inc\stm32f4xx_hal_dma.h(109): warning: commas at the end of enumerator lists are a C99-specific feature [-Wc99-extensions]
  HAL_DMA_STATE_ABORT             = 0x05U,  /*!< DMA Abort state                     */
                                         ^~
C:/Users/Oktay Erkol/AppData/Local/Arm/Packs/Keil/STM32F4xx_DFP/2.17.0/Drivers/STM32F4xx_HAL_Driver/Src/stm32f4xx_hal_tim_ex.c(81): warning: In file included from...
C:/Users/Oktay Erkol/AppData/Local/Arm/Packs/Keil/STM32F4xx_DFP/2.17.0/Drivers/STM32F4xx_HAL_Driver/Inc\stm32f4xx_hal.h(29): warning: In file included from...
./RTE/Device/STM32F407VGTx/STCubeGenerated/Inc\stm32f4xx_hal_conf.h(402): warning: In file included from...
C:/Users/Oktay Erkol/AppData/Local/Arm/Packs/Keil/STM32F4xx_DFP/2.17.0/Drivers/STM32F4xx_HAL_Driver/Inc\stm32f4xx_hal_tim.h(306): warning: commas at the end of enumerator lists are a C99-specific feature [-Wc99-extensions]
  HAL_TIM_CHANNEL_STATE_BUSY              = 0x02U,    /*!< An internal process is ongoing on the TIM channel */
                                                 ^~
C:/Users/Oktay Erkol/AppData/Local/Arm/Packs/Keil/STM32F4xx_DFP/2.17.0/Drivers/STM32F4xx_HAL_Driver/Inc\stm32f4xx_hal_tim.h(316): warning: commas at the end of enumerator lists are a C99-specific feature [-Wc99-extensions]
  HAL_DMA_BURST_STATE_BUSY              = 0x02U,    /*!< Ongoing DMA Burst       */
                                               ^~
C:/Users/Oktay Erkol/AppData/Local/Arm/Packs/Keil/STM32F4xx_DFP/2.17.0/Drivers/STM32F4xx_HAL_Driver/Inc\stm32f4xx_hal_tim.h(343): warning: padding struct 'TIM_HandleTypeDef' with 3 bytes to align 'hdma' [-Wpadded]
  DMA_HandleTypeDef                  *hdma[7];          /*!< DMA Handlers array
                                      ^
C:/Users/Oktay Erkol/AppData/Local/Arm/Packs/Keil/STM32F4xx_DFP/2.17.0/Drivers/STM32F4xx_HAL_Driver/Inc\stm32f4xx_hal_tim.h(337): warning: padding size of 'TIM_HandleTypeDef' with 1 byte to alignment boundary [-Wpadded]
typedef struct
        ^
C:/Users/Oktay Erkol/AppData/Local/Arm/Packs/Keil/STM32F4xx_DFP/2.17.0/Drivers/STM32F4xx_HAL_Driver/Src/stm32f4xx_hal_tim_ex.c(81): warning: In file included from...
C:/Users/Oktay Erkol/AppData/Local/Arm/Packs/Keil/STM32F4xx_DFP/2.17.0/Drivers/STM32F4xx_HAL_Driver/Inc\stm32f4xx_hal.h(29): warning: In file included from...
./RTE/Device/STM32F407VGTx/STCubeGenerated/Inc\stm32f4xx_hal_conf.h(286): warning: In file included from...
C:/Users/Oktay Erkol/AppData/Local/Arm/Packs/Keil/STM32F4xx_DFP/2.17.0/Drivers/STM32F4xx_HAL_Driver/Inc\stm32f4xx_hal_dma.h(148): warning: padding struct 'struct __DMA_HandleTypeDef' with 2 bytes to align 'Parent' [-Wpadded]
  void                       *Parent;                                                          /*!< Parent object state                    */ 
                              ^
6 warnings generated.
compiling stm32f4xx_hal_tim_ex.c...
RTE/Device/STM32F407VGTx/system_stm32f4xx.c(48): warning: In file included from...
C:/Users/Oktay Erkol/AppData/Local/Arm/Packs/Keil/STM32F4xx_DFP/2.17.0/Drivers/CMSIS/Device/ST/STM32F4xx/Include\stm32f4xx.h(287): warning: In file included from...
C:/Users/Oktay Erkol/AppData/Local/Arm/Packs/Keil/STM32F4xx_DFP/2.17.0/Drivers/STM32F4xx_HAL_Driver/Inc\stm32f4xx_hal.h(29): warning: In file included from...
./RTE/Device/STM32F407VGTx/STCubeGenerated/Inc\stm32f4xx_hal_conf.h(286): warning: In file included from...
C:/Users/Oktay Erkol/AppData/Local/Arm/Packs/Keil/STM32F4xx_DFP/2.17.0/Drivers/STM32F4xx_HAL_Driver/Inc\stm32f4xx_hal_dma.h(109): warning: commas at the end of enumerator lists are a C99-specific feature [-Wc99-extensions]
  HAL_DMA_STATE_ABORT             = 0x05U,  /*!< DMA Abort state                     */
                                         ^~
RTE/Device/STM32F407VGTx/system_stm32f4xx.c(48): warning: In file included from...
C:/Users/Oktay Erkol/AppData/Local/Arm/Packs/Keil/STM32F4xx_DFP/2.17.0/Drivers/CMSIS/Device/ST/STM32F4xx/Include\stm32f4xx.h(287): warning: In file included from...
C:/Users/Oktay Erkol/AppData/Local/Arm/Packs/Keil/STM32F4xx_DFP/2.17.0/Drivers/STM32F4xx_HAL_Driver/Inc\stm32f4xx_hal.h(29): warning: In file included from...
./RTE/Device/STM32F407VGTx/STCubeGenerated/Inc\stm32f4xx_hal_conf.h(402): warning: In file included from...
C:/Users/Oktay Erkol/AppData/Local/Arm/Packs/Keil/STM32F4xx_DFP/2.17.0/Drivers/STM32F4xx_HAL_Driver/Inc\stm32f4xx_hal_tim.h(306): warning: commas at the end of enumerator lists are a C99-specific feature [-Wc99-extensions]
  HAL_TIM_CHANNEL_STATE_BUSY              = 0x02U,    /*!< An internal process is ongoing on the TIM channel */
                                                 ^~
C:/Users/Oktay Erkol/AppData/Local/Arm/Packs/Keil/STM32F4xx_DFP/2.17.0/Drivers/STM32F4xx_HAL_Driver/Inc\stm32f4xx_hal_tim.h(316): warning: commas at the end of enumerator lists are a C99-specific feature [-Wc99-extensions]
  HAL_DMA_BURST_STATE_BUSY              = 0x02U,    /*!< Ongoing DMA Burst       */
                                               ^~
3 warnings generated.
compiling system_stm32f4xx.c...
C:/Users/Oktay Erkol/AppData/Local/Arm/Packs/Keil/STM32F4xx_DFP/2.17.0/Drivers/STM32F4xx_HAL_Driver/Src/stm32f4xx_hal_tim.c(186): warning: In file included from...
C:/Users/Oktay Erkol/AppData/Local/Arm/Packs/Keil/STM32F4xx_DFP/2.17.0/Drivers/STM32F4xx_HAL_Driver/Inc\stm32f4xx_hal.h(29): warning: In file included from...
./RTE/Device/STM32F407VGTx/STCubeGenerated/Inc\stm32f4xx_hal_conf.h(286): warning: In file included from...
C:/Users/Oktay Erkol/AppData/Local/Arm/Packs/Keil/STM32F4xx_DFP/2.17.0/Drivers/STM32F4xx_HAL_Driver/Inc\stm32f4xx_hal_dma.h(109): warning: commas at the end of enumerator lists are a C99-specific feature [-Wc99-extensions]
  HAL_DMA_STATE_ABORT             = 0x05U,  /*!< DMA Abort state                     */
                                         ^~
C:/Users/Oktay Erkol/AppData/Local/Arm/Packs/Keil/STM32F4xx_DFP/2.17.0/Drivers/STM32F4xx_HAL_Driver/Src/stm32f4xx_hal_tim.c(186): warning: In file included from...
C:/Users/Oktay Erkol/AppData/Local/Arm/Packs/Keil/STM32F4xx_DFP/2.17.0/Drivers/STM32F4xx_HAL_Driver/Inc\stm32f4xx_hal.h(29): warning: In file included from...
./RTE/Device/STM32F407VGTx/STCubeGenerated/Inc\stm32f4xx_hal_conf.h(402): warning: In file included from...
C:/Users/Oktay Erkol/AppData/Local/Arm/Packs/Keil/STM32F4xx_DFP/2.17.0/Drivers/STM32F4xx_HAL_Driver/Inc\stm32f4xx_hal_tim.h(306): warning: commas at the end of enumerator lists are a C99-specific feature [-Wc99-extensions]
  HAL_TIM_CHANNEL_STATE_BUSY              = 0x02U,    /*!< An internal process is ongoing on the TIM channel */
                                                 ^~
C:/Users/Oktay Erkol/AppData/Local/Arm/Packs/Keil/STM32F4xx_DFP/2.17.0/Drivers/STM32F4xx_HAL_Driver/Inc\stm32f4xx_hal_tim.h(316): warning: commas at the end of enumerator lists are a C99-specific feature [-Wc99-extensions]
  HAL_DMA_BURST_STATE_BUSY              = 0x02U,    /*!< Ongoing DMA Burst       */
                                               ^~
C:/Users/Oktay Erkol/AppData/Local/Arm/Packs/Keil/STM32F4xx_DFP/2.17.0/Drivers/STM32F4xx_HAL_Driver/Inc\stm32f4xx_hal_tim.h(343): warning: padding struct 'TIM_HandleTypeDef' with 3 bytes to align 'hdma' [-Wpadded]
  DMA_HandleTypeDef                  *hdma[7];          /*!< DMA Handlers array
                                      ^
C:/Users/Oktay Erkol/AppData/Local/Arm/Packs/Keil/STM32F4xx_DFP/2.17.0/Drivers/STM32F4xx_HAL_Driver/Inc\stm32f4xx_hal_tim.h(337): warning: padding size of 'TIM_HandleTypeDef' with 1 byte to alignment boundary [-Wpadded]
typedef struct
        ^
C:/Users/Oktay Erkol/AppData/Local/Arm/Packs/Keil/STM32F4xx_DFP/2.17.0/Drivers/STM32F4xx_HAL_Driver/Src/stm32f4xx_hal_tim.c(186): warning: In file included from...
C:/Users/Oktay Erkol/AppData/Local/Arm/Packs/Keil/STM32F4xx_DFP/2.17.0/Drivers/STM32F4xx_HAL_Driver/Inc\stm32f4xx_hal.h(29): warning: In file included from...
./RTE/Device/STM32F407VGTx/STCubeGenerated/Inc\stm32f4xx_hal_conf.h(286): warning: In file included from...
C:/Users/Oktay Erkol/AppData/Local/Arm/Packs/Keil/STM32F4xx_DFP/2.17.0/Drivers/STM32F4xx_HAL_Driver/Inc\stm32f4xx_hal_dma.h(148): warning: padding struct 'struct __DMA_HandleTypeDef' with 2 bytes to align 'Parent' [-Wpadded]
  void                       *Parent;                                                          /*!< Parent object state                    */ 
                              ^
6 warnings generated.
compiling stm32f4xx_hal_tim.c...
linking...
Program Size: Code=8218 RO-data=442 RW-data=12 ZI-data=1712  
".\Objects\prj.axf" - 0 Error(s), 77 Warning(s).

<h2>Software Packages used:</h2>

Package Vendor: ARM
                http://www.keil.com/pack/ARM.CMSIS.5.9.0.pack
                ARM.CMSIS.5.9.0
                CMSIS (Common Microcontroller Software Interface Standard)
   * Component: CORE Version: 5.6.0

Package Vendor: Keil
                project-path/Keil.FrameworkCubeMX.1.0.0.pack
                Keil.FrameworkCubeMX.1.0.0
                STM32CubeMX generated pack description
   * Component: STM32CubeMX Version: 1.1.0

Package Vendor: Keil
                https://www.keil.com/pack/Keil.STM32F4xx_DFP.2.17.0.pack
                Keil.STM32F4xx_DFP.2.17.0
                STMicroelectronics STM32F4 Series Device Support, Drivers and Examples
   * Component: STM32Cube Framework Version: 1.0.0
   * Component: Common Version: 1.8.1
   * Component: Cortex Version: 1.8.1
   * Component: DMA Version: 1.8.1
   * Component: GPIO Version: 1.8.1
   * Component: PWR Version: 1.8.1
   * Component: RCC Version: 1.8.1
   * Component: TIM Version: 1.8.1
   * Component: Startup Version: 2.6.3

<h2>Collection of Component include folders:</h2>
  ./RTE/Device/STM32F407VGTx
  ./RTE/Device/STM32F407VGTx/STCubeGenerated
  ./RTE/Device/STM32F407VGTx/STCubeGenerated/Inc
  ./RTE/_Target_1
  C:/Users/Oktay Erkol/AppData/Local/Arm/Packs/ARM/CMSIS/5.9.0/CMSIS/Core/Include
  C:/Users/Oktay Erkol/AppData/Local/Arm/Packs/Keil/STM32F4xx_DFP/2.17.0/Drivers/CMSIS/Device/ST/STM32F4xx/Include
  C:/Users/Oktay Erkol/AppData/Local/Arm/Packs/Keil/STM32F4xx_DFP/2.17.0/Drivers/STM32F4xx_HAL_Driver/Inc

<h2>Collection of Component Files used:</h2>

   * Component: ::Device:STM32Cube Framework:1.0.0 (API)

   * Component: ARM::CMSIS:CORE:5.6.0

   * Component: Keil::Device:STM32Cube Framework:STM32CubeMX:1.1.0
      Include file:  MX_Device.h
      Include file:  STCubeGenerated/Inc/stm32f4xx_hal_conf.h
      Source file:   STCubeGenerated/Src/stm32f4xx_hal_msp.c

   * Component: Keil::Device:STM32Cube HAL:Common:1.8.1
      Include file:  Drivers/STM32F4xx_HAL_Driver/Inc/stm32f4xx_hal.h
      Source file:   Drivers/STM32F4xx_HAL_Driver/Src/stm32f4xx_hal.c

   * Component: Keil::Device:STM32Cube HAL:Cortex:1.8.1
      Source file:   Drivers/STM32F4xx_HAL_Driver/Src/stm32f4xx_hal_cortex.c

   * Component: Keil::Device:STM32Cube HAL:DMA:1.8.1
      Source file:   Drivers/STM32F4xx_HAL_Driver/Src/stm32f4xx_hal_dma.c
      Source file:   Drivers/STM32F4xx_HAL_Driver/Src/stm32f4xx_hal_dma_ex.c

   * Component: Keil::Device:STM32Cube HAL:GPIO:1.8.1
      Source file:   Drivers/STM32F4xx_HAL_Driver/Src/stm32f4xx_hal_gpio.c

   * Component: Keil::Device:STM32Cube HAL:PWR:1.8.1
      Source file:   Drivers/STM32F4xx_HAL_Driver/Src/stm32f4xx_hal_pwr_ex.c
      Source file:   Drivers/STM32F4xx_HAL_Driver/Src/stm32f4xx_hal_pwr.c

   * Component: Keil::Device:STM32Cube HAL:RCC:1.8.1
      Source file:   Drivers/STM32F4xx_HAL_Driver/Src/stm32f4xx_hal_rcc_ex.c
      Source file:   Drivers/STM32F4xx_HAL_Driver/Src/stm32f4xx_hal_rcc.c

   * Component: Keil::Device:STM32Cube HAL:TIM:1.8.1
      Source file:   Drivers/STM32F4xx_HAL_Driver/Src/stm32f4xx_hal_tim.c
      Source file:   Drivers/STM32F4xx_HAL_Driver/Src/stm32f4xx_hal_tim_ex.c

   * Component: Keil::Device:Startup:2.6.3
      Source file:   MDK/Device/Source/ARM/STM32F40xxx_41xxx_OPT.s
      Source file:   MDK/Device/Source/ARM/STM32F4xx_OTP.s
      Include file:  Drivers/CMSIS/Device/ST/STM32F4xx/Include/stm32f4xx.h
      Source file:   Drivers/CMSIS/Device/ST/STM32F4xx/Source/Templates/arm/startup_stm32f407xx.s
      Source file:   Drivers/CMSIS/Device/ST/STM32F4xx/Source/Templates/system_stm32f4xx.c
Build Time Elapsed:  00:00:02
</pre>
</body>
</html>
